2025-09-14 02:52:14.902: [INFO] VisibilityChanged: 0
2025-09-14 02:52:14.960: [INFO] RecordSyncInitDuration has_sync_been_enabled: 0 state: 0
2025-09-14 02:52:14.961: [INFO] RecordSyncInitDuration has_sync_been_enabled: 0 state: 0
2025-09-14 02:52:14.962: [INFO] RecordSyncInitDuration has_sync_been_enabled: 0 state: 0
2025-09-14 02:52:14.963: [INFO] RecordSyncInitDuration has_sync_been_enabled: 0 state: 0
2025-09-14 02:52:14.964: [INFO] RecordSyncInitDuration has_sync_been_enabled: 0 state: 0
2025-09-14 02:52:14.965: [INFO] RecordSyncInitDuration has_sync_been_enabled: 0 state: 0
2025-09-14 02:52:14.966: [INFO] RecordSyncInitDuration has_sync_been_enabled: 0 state: 0
2025-09-14 02:52:14.967: [INFO] RecordSyncInitDuration has_sync_been_enabled: 0 state: 0
2025-09-14 02:52:14.968: [INFO] RecordSyncInitDuration has_sync_been_enabled: 0 state: 0
2025-09-14 02:52:14.969: [INFO] RecordSyncInitDuration has_sync_been_enabled: 0 state: 0
2025-09-14 02:52:14.970: [INFO] RecordSyncInitDuration has_sync_been_enabled: 0 state: 0
2025-09-14 02:52:14.979: [INFO] BookmarkNodeAdded, ABU: 0
2025-09-14 02:52:14.980: [INFO] BookmarkNodeAdded, ABU: 0
2025-09-14 02:52:14.980: [INFO] BookmarkNodeAdded, ABU: 0
2025-09-14 02:52:14.980: [INFO] BookmarkNodeAdded, ABU: 0
2025-09-14 02:52:14.980: [INFO] BookmarkModelLoaded, ids_reassigned: 0
2025-09-14 02:52:14.980: [INFO] OnDoneLoading sync enabled: 0
2025-09-14 02:52:15.032: [INFO] RecordSyncInitDuration has_sync_been_enabled: 0 state: 0
2025-09-14 02:52:16.422: [INFO] RecordSyncInitDuration has_sync_been_enabled: 0 state: 3
2025-09-14 02:52:16.435: [INFO] Primary account changed.
2025-09-14 02:52:16.435: [INFO] OnPrimaryAccountChanged PrimaryAccountChangeEvent::Type::kSet
2025-09-14 02:52:16.440: [INFO] RecordSyncInitDuration has_sync_been_enabled: 0 state: 3
2025-09-14 02:52:19.302: [INFO] Sync initialization duration: 2496ms
2025-09-14 16:23:47.988: [INFO] VisibilityChanged: 0
2025-09-14 16:23:48.046: [INFO] BookmarkNodeAdded, ABU: 0
2025-09-14 16:23:48.047: [INFO] BookmarkNodeAdded, ABU: 0
2025-09-14 16:23:48.047: [INFO] BookmarkNodeAdded, ABU: 0
2025-09-14 16:23:48.047: [INFO] BookmarkNodeAdded, ABU: 0
2025-09-14 16:23:48.047: [INFO] BookmarkModelLoaded, ids_reassigned: 0
2025-09-14 16:23:48.047: [INFO] OnDoneLoading sync enabled: 1
2025-09-14 16:23:49.439: [INFO] Sync initialization duration: 1214ms
2025-09-14 16:39:38.565: [INFO] VisibilityChanged: 0
2025-09-14 16:39:38.625: [INFO] BookmarkNodeAdded, ABU: 0
2025-09-14 16:39:38.625: [INFO] BookmarkNodeAdded, ABU: 0
2025-09-14 16:39:38.625: [INFO] BookmarkNodeAdded, ABU: 0
2025-09-14 16:39:38.625: [INFO] BookmarkNodeAdded, ABU: 0
2025-09-14 16:39:38.625: [INFO] BookmarkModelLoaded, ids_reassigned: 0
2025-09-14 16:39:38.626: [INFO] OnDoneLoading sync enabled: 1
2025-09-14 16:39:40.785: [INFO] Sync initialization duration: 2000ms
2025-09-14 16:43:56.016: [INFO] VisibilityChanged: 0
2025-09-14 16:43:56.079: [INFO] BookmarkNodeAdded, ABU: 0
2025-09-14 16:43:56.080: [INFO] BookmarkNodeAdded, ABU: 0
2025-09-14 16:43:56.080: [INFO] BookmarkNodeAdded, ABU: 0
2025-09-14 16:43:56.080: [INFO] BookmarkNodeAdded, ABU: 0
2025-09-14 16:43:56.080: [INFO] BookmarkModelLoaded, ids_reassigned: 0
2025-09-14 16:43:56.080: [INFO] OnDoneLoading sync enabled: 1
2025-09-14 16:43:57.683: [INFO] Sync initialization duration: 1455ms
2025-09-14 16:56:28.179: [INFO] VisibilityChanged: 0
2025-09-14 16:56:28.237: [INFO] BookmarkNodeAdded, ABU: 0
2025-09-14 16:56:28.237: [INFO] BookmarkNodeAdded, ABU: 0
2025-09-14 16:56:28.237: [INFO] BookmarkNodeAdded, ABU: 0
2025-09-14 16:56:28.237: [INFO] BookmarkNodeAdded, ABU: 0
2025-09-14 16:56:28.238: [INFO] BookmarkModelLoaded, ids_reassigned: 0
2025-09-14 16:56:28.238: [INFO] OnDoneLoading sync enabled: 1
2025-09-14 16:56:29.630: [INFO] Sync initialization duration: 1202ms
2025-09-14 17:17:05.060: [INFO] VisibilityChanged: 0
2025-09-14 17:17:05.113: [INFO] BookmarkNodeAdded, ABU: 0
2025-09-14 17:17:05.113: [INFO] BookmarkNodeAdded, ABU: 0
2025-09-14 17:17:05.113: [INFO] BookmarkNodeAdded, ABU: 0
2025-09-14 17:17:05.113: [INFO] BookmarkNodeAdded, ABU: 0
2025-09-14 17:17:05.113: [INFO] BookmarkModelLoaded, ids_reassigned: 0
2025-09-14 17:17:05.113: [INFO] OnDoneLoading sync enabled: 1
2025-09-14 17:17:06.504: [INFO] Sync initialization duration: 1132ms
2025-09-14 17:27:17.876: [INFO] VisibilityChanged: 0
2025-09-14 17:27:17.933: [INFO] BookmarkNodeAdded, ABU: 0
2025-09-14 17:27:17.933: [INFO] BookmarkNodeAdded, ABU: 0
2025-09-14 17:27:17.933: [INFO] BookmarkNodeAdded, ABU: 0
2025-09-14 17:27:17.933: [INFO] BookmarkNodeAdded, ABU: 0
2025-09-14 17:27:17.933: [INFO] BookmarkModelLoaded, ids_reassigned: 0
2025-09-14 17:27:17.933: [INFO] OnDoneLoading sync enabled: 1
2025-09-14 17:27:20.489: [INFO] Sync initialization duration: 2387ms
2025-10-05 17:24:19.022: [INFO] VisibilityChanged: 0
2025-10-05 17:24:19.086: [INFO] BookmarkNodeAdded, ABU: 0
2025-10-05 17:24:19.086: [INFO] BookmarkNodeAdded, ABU: 0
2025-10-05 17:24:19.086: [INFO] BookmarkNodeAdded, ABU: 0
2025-10-05 17:24:19.086: [INFO] BookmarkNodeAdded, ABU: 0
2025-10-05 17:24:19.086: [INFO] BookmarkModelLoaded, ids_reassigned: 0
2025-10-05 17:24:19.086: [INFO] OnDoneLoading sync enabled: 1
2025-10-05 17:24:20.434: [INFO] Sync initialization duration: 1103ms
2025-10-05 17:45:58.917: [INFO] VisibilityChanged: 0
2025-10-05 17:45:59.016: [INFO] BookmarkNodeAdded, ABU: 0
2025-10-05 17:45:59.016: [INFO] BookmarkNodeAdded, ABU: 0
2025-10-05 17:45:59.016: [INFO] BookmarkNodeAdded, ABU: 0
2025-10-05 17:45:59.016: [INFO] BookmarkNodeAdded, ABU: 0
2025-10-05 17:45:59.016: [INFO] BookmarkModelLoaded, ids_reassigned: 0
2025-10-05 17:45:59.016: [INFO] OnDoneLoading sync enabled: 1
2025-10-05 17:46:00.785: [INFO] Sync initialization duration: 1565ms
2025-10-05 17:57:14.379: [INFO] VisibilityChanged: 0
2025-10-05 17:57:14.474: [INFO] BookmarkNodeAdded, ABU: 0
2025-10-05 17:57:14.474: [INFO] BookmarkNodeAdded, ABU: 0
2025-10-05 17:57:14.474: [INFO] BookmarkNodeAdded, ABU: 0
2025-10-05 17:57:14.474: [INFO] BookmarkNodeAdded, ABU: 0
2025-10-05 17:57:14.474: [INFO] BookmarkModelLoaded, ids_reassigned: 0
2025-10-05 17:57:14.474: [INFO] OnDoneLoading sync enabled: 1
2025-10-05 17:57:16.152: [INFO] Sync initialization duration: 1498ms
2025-11-25 22:53:35.666: [INFO] VisibilityChanged: 0
2025-11-25 22:53:35.696: [INFO] BookmarkModelLoaded, ids_reassigned: 0
2025-11-25 22:53:35.696: [INFO] OnDoneLoading sync enabled: 0
2025-11-25 23:14:13.833: [INFO] VisibilityChanged: 1
2025-11-25 23:14:16.446: [INFO] VisibilityChanged: 0
2025-11-25 23:15:32.150: [INFO] VisibilityChanged: 0
2025-11-25 23:15:32.178: [INFO] BookmarkModelLoaded, ids_reassigned: 0
2025-11-25 23:15:32.178: [INFO] OnDoneLoading sync enabled: 0
2025-11-25 23:24:56.902: [INFO] VisibilityChanged: 0
2025-11-25 23:24:56.933: [INFO] BookmarkModelLoaded, ids_reassigned: 0
2025-11-25 23:24:56.933: [INFO] OnDoneLoading sync enabled: 0
2025-11-25 23:28:53.332: [INFO] VisibilityChanged: 0
2025-11-25 23:28:53.363: [INFO] BookmarkModelLoaded, ids_reassigned: 0
2025-11-25 23:28:53.363: [INFO] OnDoneLoading sync enabled: 0
2025-11-25 23:32:52.203: [INFO] VisibilityChanged: 0
2025-11-25 23:32:52.234: [INFO] BookmarkModelLoaded, ids_reassigned: 0
2025-11-25 23:32:52.234: [INFO] OnDoneLoading sync enabled: 0
2025-11-25 23:38:47.054: [INFO] VisibilityChanged: 0
2025-11-25 23:38:47.084: [INFO] BookmarkModelLoaded, ids_reassigned: 0
2025-11-25 23:38:47.084: [INFO] OnDoneLoading sync enabled: 0
2025-11-26 22:08:28.930: [INFO] VisibilityChanged: 0
2025-11-26 22:08:28.971: [INFO] BookmarkModelLoaded, ids_reassigned: 0
2025-11-26 22:08:28.971: [INFO] OnDoneLoading sync enabled: 0
2025-11-26 22:19:37.346: [INFO] VisibilityChanged: 0
2025-11-26 22:19:37.379: [INFO] BookmarkModelLoaded, ids_reassigned: 0
2025-11-26 22:19:37.379: [INFO] OnDoneLoading sync enabled: 0
2025-11-26 22:22:52.377: [INFO] VisibilityChanged: 0
2025-11-26 22:22:52.410: [INFO] BookmarkModelLoaded, ids_reassigned: 0
2025-11-26 22:22:52.410: [INFO] OnDoneLoading sync enabled: 0
2025-11-26 22:24:00.794: [INFO] VisibilityChanged: 1
2025-11-26 22:24:04.149: [INFO] VisibilityChanged: 0
2025-11-26 22:30:10.036: [INFO] VisibilityChanged: 1
2025-11-26 22:30:16.498: [INFO] VisibilityChanged: 0
2025-11-26 22:31:42.442: [INFO] VisibilityChanged: 1
2025-11-26 22:31:47.264: [INFO] VisibilityChanged: 0
2025-11-26 22:42:24.471: [INFO] VisibilityChanged: 1
2025-11-26 22:42:28.048: [INFO] VisibilityChanged: 0
2025-11-26 22:57:19.561: [INFO] VisibilityChanged: 0
2025-11-26 22:57:19.586: [INFO] BookmarkModelLoaded, ids_reassigned: 0
2025-11-26 22:57:19.586: [INFO] OnDoneLoading sync enabled: 0
2025-11-26 23:00:23.877: [INFO] VisibilityChanged: 0
2025-11-26 23:00:23.916: [INFO] BookmarkModelLoaded, ids_reassigned: 0
2025-11-26 23:00:23.916: [INFO] OnDoneLoading sync enabled: 0
2025-11-26 23:04:26.093: [INFO] VisibilityChanged: 0
2025-11-26 23:04:26.145: [INFO] BookmarkModelLoaded, ids_reassigned: 0
2025-11-26 23:04:26.145: [INFO] OnDoneLoading sync enabled: 0
2025-11-26 23:14:05.834: [INFO] VisibilityChanged: 1
2025-11-26 23:14:13.926: [INFO] VisibilityChanged: 0
