{"logTime": "0914/025218", "correlationVector":"rvjp3K57ynHSBbVGuKiKeD.1","action":"SyncServerConnectionManagerRequest", "result":"SYNC_SERVER_OK", "context":{"environment":"Prod_brazilsouth_prod-s01-001-sam-brazilsouth", "migrationStage":"NotStarted", "server":"akswtt21600000d"}}
{"logTime": "0914/025218", "correlationVector":"rvjp3K57ynHSBbVGuKiKeD.2","action":"ProcessGetUpdates", "result":"Done", "context":{"dataType":"Encryption Keys", "deleted":"0", "process_failed_to_decrypt":"0", "process_pending_decryption":"0", "process_success":"1", "total":"1"}}
{"logTime": "0914/025218", "correlationVector":"52+yrkvqkKNeTEmSpaUO5e","action":"SyncServerConnectionManagerRequest", "result":"SYNC_SERVER_OK", "context":{"environment":"", "migrationStage":"", "server":""}}
{"logTime": "0914/025218", "correlationVector":"52+yrkvqkKNeTEmSpaUO5e.0","action":"EncryptionKeysFetcher.DownloadKeys:", "result":"Success", "context":Key count: 5, Last key timestamp: 2025-08-12T00:36:21Z}
{"logTime": "0914/025218", "correlationVector":"52+yrkvqkKNeTEmSpaUO5e.1","action":"EncryptionKeysManager::SetEncryptionKeys:", "result":"Success", "context":Key names[5]:[AwazvjXbzpofJkfqm2PowuF2jsM4yLYN3dPrv05egKDKLEY48huDlofDCtZkgWrmo60QcP8fCpASZgV3XIbSWA==][LhNO9yQAZL3s5fyBea2IFS9QDw90LMjZMfq0sYBB/ToYvDzSO4gcMlLDO7nzT9VwWvxCaUL+GTwRwGh5ytzaDw==][zXqihWRAbqoStxC5Ee6jPMrr6AXIxoZFSm96Vf4EXPRttBS6g9S0Mm3jhIoxehnHpglocQC/7IPNa+BGqZWFlg==][gIzDU4MeQodLdlvE25tDkJ2ic9R0m5usEWfSvg1cC0PsYfMKAh6SHGbsxow47QDvRdYc4KC8CPmjREVFzHU/qg==][QIfiyHDjezAmIzvlPn6YQGTx9ZETr1TZttoK5vY4eVVPxUJPzSOApUnjnoigd4MP8dLSZ02YeAM2o4fpIylBWg==]}
{"logTime": "0914/025218", "correlationVector":"52+yrkvqkKNeTEmSpaUO5e.2","action":"EncryptionKeysManager::SetEncryptionKeysWithTimestamps:", "result":"Success", "context":Key timestamps[5]:[2022-10-19T01:53:16Z][2023-05-26T00:08:02Z][2023-12-28T22:34:06Z][2024-06-30T15:30:57Z][2025-08-12T00:36:21Z]}
{"logTime": "0914/025218", "correlationVector":"rvjp3K57ynHSBbVGuKiKeD","action":"Initial GetUpdates", "result":"", "context":Reason: NEW_CLIENT. cV=rvjp3K57ynHSBbVGuKiKeD}
{"logTime": "0914/025218", "correlationVector":"rvjp3K57ynHSBbVGuKiKeD.3","action":"GetUpdates Response", "result":"Success", "context":Received 1 update(s). cV=rvjp3K57ynHSBbVGuKiKeD.0;server=akswtt21600000d;cloudType=Consumer;environment=Prod_brazilsouth_prod-s01-001-sam-brazilsouth;migrationStage=NotStarted}
{"logTime": "0914/025218", "correlationVector":"ZqMoSHz/BmzMvnTZnocpq/","action":"Initial GetUpdates", "result":"", "context":Reason: NEWLY_SUPPORTED_DATATYPE. cV=ZqMoSHz/BmzMvnTZnocpq/}
{"logTime": "0914/025218", "correlationVector":"ZqMoSHz/BmzMvnTZnocpq/.1","action":"SyncServerConnectionManagerRequest", "result":"SYNC_SERVER_OK", "context":{"environment":"Prod_brazilsouth_prod-s01-001-sam-brazilsouth", "migrationStage":"NotStarted", "server":"akswtt21600001r"}}
{"logTime": "0914/025218", "correlationVector":"ZqMoSHz/BmzMvnTZnocpq/.2","action":"ProcessGetUpdates", "result":"Done", "context":{"dataType":"Preferences", "deleted":"0", "process_failed_to_decrypt":"0", "process_pending_decryption":"0", "process_success":"58", "total":"58"}}
{"logTime": "0914/025218", "correlationVector":"ZqMoSHz/BmzMvnTZnocpq/.3","action":"ProcessGetUpdates", "result":"Done", "context":{"dataType":"Passwords", "deleted":"0", "process_failed_to_decrypt":"0", "process_pending_decryption":"0", "process_success":"8", "total":"8"}}
{"logTime": "0914/025218", "correlationVector":"ZqMoSHz/BmzMvnTZnocpq/.4","action":"ProcessGetUpdates", "result":"Done", "context":{"dataType":"Device Info", "deleted":"0", "process_failed_to_decrypt":"0", "process_pending_decryption":"0", "process_success":"7", "total":"7"}}
{"logTime": "0914/025218", "correlationVector":"ZqMoSHz/BmzMvnTZnocpq/.5","action":"GetUpdates Response", "result":"Success", "context":Received 73 update(s). cV=ZqMoSHz/BmzMvnTZnocpq/.0;server=akswtt21600001r;cloudType=Consumer;environment=Prod_brazilsouth_prod-s01-001-sam-brazilsouth;migrationStage=NotStarted}
{"logTime": "0914/025218", "correlationVector":"AvqRxQvSmnTJvpBWm5sY51","action":"Initial GetUpdates", "result":"", "context":Reason: NEWLY_SUPPORTED_DATATYPE. cV=AvqRxQvSmnTJvpBWm5sY51}
{"logTime": "0914/025218", "correlationVector":"AvqRxQvSmnTJvpBWm5sY51.1","action":"SyncServerConnectionManagerRequest", "result":"SYNC_SERVER_OK", "context":{"environment":"Prod_brazilsouth_prod-s01-001-sam-brazilsouth", "migrationStage":"NotStarted", "server":"akswtt216000011"}}
{"logTime": "0914/025218", "correlationVector":"AvqRxQvSmnTJvpBWm5sY51.2","action":"ProcessGetUpdates", "result":"Done", "context":{"dataType":"Bookmarks", "deleted":"0", "process_failed_to_decrypt":"0", "process_pending_decryption":"0", "process_success":"6", "total":"6"}}
{"logTime": "0914/025218", "correlationVector":"AvqRxQvSmnTJvpBWm5sY51.3","action":"GetUpdates Response", "result":"Success", "context":Received 6 update(s). cV=AvqRxQvSmnTJvpBWm5sY51.0;server=akswtt216000011;cloudType=Consumer;environment=Prod_brazilsouth_prod-s01-001-sam-brazilsouth;migrationStage=NotStarted}
{"logTime": "0914/025218", "correlationVector":"PBniFKeDhf7tSec3twapG7","action":"Initial GetUpdates", "result":"", "context":Reason: NEWLY_SUPPORTED_DATATYPE. cV=PBniFKeDhf7tSec3twapG7}
{"logTime": "0914/025219", "correlationVector":"PBniFKeDhf7tSec3twapG7.1","action":"SyncServerConnectionManagerRequest", "result":"SYNC_SERVER_OK", "context":{"environment":"Prod_brazilsouth_prod-s01-001-sam-brazilsouth", "migrationStage":"NotStarted", "server":"akswtt216000004"}}
{"logTime": "0914/025219", "correlationVector":"PBniFKeDhf7tSec3twapG7.2","action":"ProcessGetUpdates", "result":"Done", "context":{"dataType":"Autofill Profiles", "deleted":"1", "process_failed_to_decrypt":"0", "process_pending_decryption":"0", "process_success":"13", "total":"13"}}
{"logTime": "0914/025219", "correlationVector":"PBniFKeDhf7tSec3twapG7.3","action":"ProcessGetUpdates", "result":"Done", "context":{"dataType":"Autofill", "deleted":"0", "process_failed_to_decrypt":"0", "process_pending_decryption":"0", "process_success":"110", "total":"110"}}
{"logTime": "0914/025219", "correlationVector":"PBniFKeDhf7tSec3twapG7.4","action":"ProcessGetUpdates", "result":"Done", "context":{"dataType":"Sessions", "deleted":"9", "process_failed_to_decrypt":"0", "process_pending_decryption":"0", "process_success":"13", "total":"13"}}
{"logTime": "0914/025219", "correlationVector":"PBniFKeDhf7tSec3twapG7.5","action":"ProcessGetUpdates", "result":"Done", "context":{"dataType":"Edge Hub App Usage", "deleted":"0", "process_failed_to_decrypt":"0", "process_pending_decryption":"0", "process_success":"3", "total":"3"}}
{"logTime": "0914/025219", "correlationVector":"PBniFKeDhf7tSec3twapG7.6","action":"GetUpdates Response", "result":"Success", "context":Received 139 update(s). cV=PBniFKeDhf7tSec3twapG7.0;server=akswtt216000004;cloudType=Consumer;environment=Prod_brazilsouth_prod-s01-001-sam-brazilsouth;migrationStage=NotStarted}
{"logTime": "0914/025219", "correlationVector":"AqjHMJQOumCzowH1fFRz0/","action":"Initial GetUpdates", "result":"", "context":Reason: NEWLY_SUPPORTED_DATATYPE. cV=AqjHMJQOumCzowH1fFRz0/}
{"logTime": "0914/025219", "correlationVector":"AqjHMJQOumCzowH1fFRz0/.1","action":"SyncServerConnectionManagerRequest", "result":"SYNC_SERVER_OK", "context":{"environment":"Prod_brazilsouth_prod-s01-001-sam-brazilsouth", "migrationStage":"NotStarted", "server":"akswtt21600001r"}}
{"logTime": "0914/025219", "correlationVector":"AqjHMJQOumCzowH1fFRz0/.2","action":"ProcessGetUpdates", "result":"Done", "context":{"dataType":"History", "deleted":"0", "process_failed_to_decrypt":"0", "process_pending_decryption":"0", "process_success":"3", "total":"3"}}
{"logTime": "0914/025219", "correlationVector":"AqjHMJQOumCzowH1fFRz0/.3","action":"GetUpdates Response", "result":"Success", "context":Received 3 update(s). cV=AqjHMJQOumCzowH1fFRz0/.0;server=akswtt21600001r;cloudType=Consumer;environment=Prod_brazilsouth_prod-s01-001-sam-brazilsouth;migrationStage=NotStarted}
{"logTime": "0914/025219", "correlationVector":"mEvq7GxLoHCp7t8tEiR2BW","action":"Normal GetUpdate request", "result":"", "context":cV=mEvq7GxLoHCp7t8tEiR2BW
Nudged types: Sessions, Device Info, User Consents
Refresh requested types: Bookmarks, Preferences, Passwords, Autofill Profiles, Autofill, Extensions, Sessions, Extension settings, History Delete Directives, Device Info, User Consents, Send Tab To Self, Web Apps, History, Saved Tab Group, WebAuthn Credentials, Collection, Edge E Drop, Edge Hub App Usage, Edge Wallet, Encryption Keys}
{"logTime": "0914/025219", "correlationVector":"mEvq7GxLoHCp7t8tEiR2BW.1","action":"SyncServerConnectionManagerRequest", "result":"SYNC_SERVER_OK", "context":{"environment":"Prod_brazilsouth_prod-s01-001-sam-brazilsouth", "migrationStage":"NotStarted", "server":"akswtt216000010"}}
{"logTime": "0914/025219", "correlationVector":"mEvq7GxLoHCp7t8tEiR2BW.2","action":"GetUpdates Response", "result":"Success", "context":Received 0 update(s). cV=mEvq7GxLoHCp7t8tEiR2BW.0;server=akswtt216000010;cloudType=Consumer;environment=Prod_brazilsouth_prod-s01-001-sam-brazilsouth;migrationStage=NotStarted}
{"logTime": "0914/025219", "correlationVector":"1GbMEUQCZTGZDC4Og8s4Q/","action":"DoCompareDataConsistency requsted types: ", "result":"Bookmarks, Preferences, Passwords, Extensions, Extension settings, History Delete Directives, Send Tab To Self, Web Apps, History, Saved Tab Group, WebAuthn Credentials, Collection, Edge E Drop, Edge Wallet, Encryption Keys"}
{"logTime": "0914/025219", "correlationVector":"1GbMEUQCZTGZDC4Og8s4Q/.0","action":"CompareDataConsistency result: ", "result":"Compare result: Encryption Keys is consistent. local entities count is: 1 local entities hash is: vGxiAH0ZRaOUNM6p8dXhpP6r0P8="}
{"logTime": "0914/025219", "correlationVector":"1GbMEUQCZTGZDC4Og8s4Q/.1","action":"CompareDataConsistency result: ", "result":"Compare result: Bookmarks is consistent. local entities count is: 0 local entities hash is: "}
{"logTime": "0914/025219", "correlationVector":"1GbMEUQCZTGZDC4Og8s4Q/.2","action":"CompareDataConsistency result: ", "result":"Compare result: Preferences is consistent. local entities count is: 58 local entities hash is: 6ztDMFSUTUGqyE/xxwi5vBiVMyU="}
{"logTime": "0914/025219", "correlationVector":"1GbMEUQCZTGZDC4Og8s4Q/.3","action":"CompareDataConsistency result: ", "result":"Compare result: Extensions is consistent. local entities count is: 0 local entities hash is: "}
{"logTime": "0914/025219", "correlationVector":"1GbMEUQCZTGZDC4Og8s4Q/.4","action":"CompareDataConsistency result: ", "result":"Compare result: Extension settings is consistent. local entities count is: 0 local entities hash is: "}
{"logTime": "0914/025219", "correlationVector":"1GbMEUQCZTGZDC4Og8s4Q/.5","action":"CompareDataConsistency result: ", "result":"Compare result: History Delete Directives is consistent. local entities count is: 0 local entities hash is: "}
{"logTime": "0914/025219", "correlationVector":"1GbMEUQCZTGZDC4Og8s4Q/.6","action":"CompareDataConsistency result: ", "result":"Server did not send this Send Tab To Self local entities count is: 0 local entities hash is: "}
{"logTime": "0914/025219", "correlationVector":"1GbMEUQCZTGZDC4Og8s4Q/.7","action":"CompareDataConsistency result: ", "result":"Compare result: Web Apps is consistent. local entities count is: 0 local entities hash is: "}
{"logTime": "0914/025219", "correlationVector":"1GbMEUQCZTGZDC4Og8s4Q/.8","action":"CompareDataConsistency result: ", "result":"Server did not send this History local entities count is: 0 local entities hash is: "}
{"logTime": "0914/025219", "correlationVector":"1GbMEUQCZTGZDC4Og8s4Q/.9","action":"CompareDataConsistency result: ", "result":"Compare result: Saved Tab Group is consistent. local entities count is: 0 local entities hash is: "}
{"logTime": "0914/025219", "correlationVector":"1GbMEUQCZTGZDC4Og8s4Q/.10","action":"CompareDataConsistency result: ", "result":"Server did not send this WebAuthn Credentials local entities count is: 0 local entities hash is: "}
{"logTime": "0914/025219", "correlationVector":"1GbMEUQCZTGZDC4Og8s4Q/.11","action":"CompareDataConsistency result: ", "result":"Compare result: Collection is consistent. local entities count is: 0 local entities hash is: "}
{"logTime": "0914/025219", "correlationVector":"1GbMEUQCZTGZDC4Og8s4Q/.12","action":"CompareDataConsistency result: ", "result":"Compare result: Edge E Drop is consistent. local entities count is: 0 local entities hash is: "}
{"logTime": "0914/025219", "correlationVector":"1GbMEUQCZTGZDC4Og8s4Q/.13","action":"CompareDataConsistency result: ", "result":"Compare result: Edge Wallet is consistent. local entities count is: 0 local entities hash is: "}
{"logTime": "0914/025219", "correlationVector":"1GbMEUQCZTGZDC4Og8s4Q/.14","action":"CompareDataConsistency result: ", "result":"Compare result: Passwords is consistent. local entities count is: 8 local entities hash is: r1+wi720Y+iScI0NAPjMjBmK4II="}
{"logTime": "0914/025219", "correlationVector":"P9Xq+GT49zKFsFpu/F16Nc","action":"Commit Request", "result":"", "context":Item count: 5
Contributing types: Sessions, Device Info, User Consents}
{"logTime": "0914/025220", "correlationVector":"P9Xq+GT49zKFsFpu/F16Nc.1","action":"SyncServerConnectionManagerRequest", "result":"SYNC_SERVER_OK", "context":{"environment":"Prod_brazilsouth_prod-s01-001-sam-brazilsouth", "migrationStage":"NotStarted", "server":"akswtt21600000h"}}
{"logTime": "0914/025220", "correlationVector":"P9Xq+GT49zKFsFpu/F16Nc.2","action":"Commit Response", "result":"Success", "context":Result: Success. cV=P9Xq+GT49zKFsFpu/F16Nc.0;server=akswtt21600000h;cloudType=Consumer;environment=Prod_brazilsouth_prod-s01-001-sam-brazilsouth;migrationStage=NotStarted}
{"logTime": "0914/025220", "correlationVector":"","action":"DIAGNOSTIC_REQUEST|v1/diagnosticData/Diagnostic.SendCheckResult()|SUCCESS", "result":""}
{"logTime": "0914/025221", "correlationVector":"G+hMJuiiy5gYKaSx6xGf0V","action":"Commit Request", "result":"", "context":Item count: 4
Contributing types: Sessions, History, Edge Hub App Usage}
{"logTime": "0914/025221", "correlationVector":"G+hMJuiiy5gYKaSx6xGf0V.1","action":"SyncServerConnectionManagerRequest", "result":"SYNC_SERVER_OK", "context":{"environment":"Prod_brazilsouth_prod-s01-001-sam-brazilsouth", "migrationStage":"NotStarted", "server":"akswtt21600000p"}}
{"logTime": "0914/025221", "correlationVector":"G+hMJuiiy5gYKaSx6xGf0V.2","action":"Commit Response", "result":"Success", "context":Result: Success. cV=G+hMJuiiy5gYKaSx6xGf0V.0;server=akswtt21600000p;cloudType=Consumer;environment=Prod_brazilsouth_prod-s01-001-sam-brazilsouth;migrationStage=NotStarted}
{"logTime": "0914/025246", "correlationVector":"Goz5d+SHxLt5ql2rR9jf8z","action":"Commit Request", "result":"", "context":Item count: 2
Contributing types: Preferences, History}
{"logTime": "0914/025247", "correlationVector":"Goz5d+SHxLt5ql2rR9jf8z.1","action":"SyncServerConnectionManagerRequest", "result":"SYNC_SERVER_OK", "context":{"environment":"Prod_brazilsouth_prod-s01-001-sam-brazilsouth", "migrationStage":"NotStarted", "server":"akswtt21600000j"}}
{"logTime": "0914/025247", "correlationVector":"Goz5d+SHxLt5ql2rR9jf8z.2","action":"Commit Response", "result":"Success", "context":Result: Success. cV=Goz5d+SHxLt5ql2rR9jf8z.0;server=akswtt21600000j;cloudType=Consumer;environment=Prod_brazilsouth_prod-s01-001-sam-brazilsouth;migrationStage=NotStarted}
{"logTime": "0914/025314", "correlationVector":"0pz4eCIQlmo9u4VnkDXWbI","action":"Commit Request", "result":"", "context":Item count: 7
Contributing types: Passwords}
{"logTime": "0914/025315", "correlationVector":"0pz4eCIQlmo9u4VnkDXWbI.1","action":"SyncServerConnectionManagerRequest", "result":"SYNC_SERVER_OK", "context":{"environment":"Prod_brazilsouth_prod-s01-001-sam-brazilsouth", "migrationStage":"NotStarted", "server":"akswtt21600000m"}}
{"logTime": "0914/025315", "correlationVector":"0pz4eCIQlmo9u4VnkDXWbI.2","action":"Commit Response", "result":"Success", "context":Result: Success. cV=0pz4eCIQlmo9u4VnkDXWbI.0;server=akswtt21600000m;cloudType=Consumer;environment=Prod_brazilsouth_prod-s01-001-sam-brazilsouth;migrationStage=NotStarted}
{"logTime": "0914/162348", "correlationVector":"MxxwBEgDPsdmnXkirWs4kg.1","action":"SyncServerConnectionManagerRequest", "result":"SYNC_SERVER_OK", "context":{"environment":"Prod_brazilsouth_prod-s01-001-sam-brazilsouth", "migrationStage":"NotStarted", "server":"akswtt21600000l"}}
{"logTime": "0914/162348", "correlationVector":"MxxwBEgDPsdmnXkirWs4kg.2","action":"ProcessGetUpdates", "result":"Done", "context":{"dataType":"Encryption Keys", "deleted":"0", "process_failed_to_decrypt":"0", "process_pending_decryption":"0", "process_success":"1", "total":"1"}}
{"logTime": "0914/162349", "correlationVector":"oOdoL5hy1Cw5fl/duWEtbt","action":"SyncServerConnectionManagerRequest", "result":"SYNC_SERVER_OK", "context":{"environment":"", "migrationStage":"", "server":""}}
{"logTime": "0914/162349", "correlationVector":"oOdoL5hy1Cw5fl/duWEtbt.0","action":"EncryptionKeysFetcher.DownloadKeys:", "result":"Success", "context":Key count: 5, Last key timestamp: 2025-08-12T00:36:21Z}
{"logTime": "0914/162349", "correlationVector":"oOdoL5hy1Cw5fl/duWEtbt.1","action":"EncryptionKeysManager::SetEncryptionKeys:", "result":"Success", "context":Key names[5]:[AwazvjXbzpofJkfqm2PowuF2jsM4yLYN3dPrv05egKDKLEY48huDlofDCtZkgWrmo60QcP8fCpASZgV3XIbSWA==][LhNO9yQAZL3s5fyBea2IFS9QDw90LMjZMfq0sYBB/ToYvDzSO4gcMlLDO7nzT9VwWvxCaUL+GTwRwGh5ytzaDw==][zXqihWRAbqoStxC5Ee6jPMrr6AXIxoZFSm96Vf4EXPRttBS6g9S0Mm3jhIoxehnHpglocQC/7IPNa+BGqZWFlg==][gIzDU4MeQodLdlvE25tDkJ2ic9R0m5usEWfSvg1cC0PsYfMKAh6SHGbsxow47QDvRdYc4KC8CPmjREVFzHU/qg==][QIfiyHDjezAmIzvlPn6YQGTx9ZETr1TZttoK5vY4eVVPxUJPzSOApUnjnoigd4MP8dLSZ02YeAM2o4fpIylBWg==]}
{"logTime": "0914/162349", "correlationVector":"oOdoL5hy1Cw5fl/duWEtbt.2","action":"EncryptionKeysManager::SetEncryptionKeysWithTimestamps:", "result":"Success", "context":Key timestamps[5]:[2022-10-19T01:53:16Z][2023-05-26T00:08:02Z][2023-12-28T22:34:06Z][2024-06-30T15:30:57Z][2025-08-12T00:36:21Z]}
{"logTime": "0914/162349", "correlationVector":"MxxwBEgDPsdmnXkirWs4kg","action":"Initial GetUpdates", "result":"", "context":Reason: NEW_CLIENT. cV=MxxwBEgDPsdmnXkirWs4kg}
{"logTime": "0914/162349", "correlationVector":"MxxwBEgDPsdmnXkirWs4kg.3","action":"GetUpdates Response", "result":"Success", "context":Received 1 update(s). cV=MxxwBEgDPsdmnXkirWs4kg.0;server=akswtt21600000l;cloudType=Consumer;environment=Prod_brazilsouth_prod-s01-001-sam-brazilsouth;migrationStage=NotStarted}
{"logTime": "0914/162349", "correlationVector":"BmFEyzcJuG3WRW6VqCpqiy","action":"Initial GetUpdates", "result":"", "context":Reason: NEWLY_SUPPORTED_DATATYPE. cV=BmFEyzcJuG3WRW6VqCpqiy}
{"logTime": "0914/162349", "correlationVector":"BmFEyzcJuG3WRW6VqCpqiy.1","action":"SyncServerConnectionManagerRequest", "result":"SYNC_SERVER_OK", "context":{"environment":"Prod_brazilsouth_prod-s01-001-sam-brazilsouth", "migrationStage":"NotStarted", "server":"akswtt216000009"}}
{"logTime": "0914/162349", "correlationVector":"BmFEyzcJuG3WRW6VqCpqiy.2","action":"ProcessGetUpdates", "result":"Done", "context":{"dataType":"Passwords", "deleted":"0", "process_failed_to_decrypt":"0", "process_pending_decryption":"0", "process_success":"8", "total":"8"}}
{"logTime": "0914/162349", "correlationVector":"BmFEyzcJuG3WRW6VqCpqiy.3","action":"GetUpdates Response", "result":"Success", "context":Received 8 update(s). cV=BmFEyzcJuG3WRW6VqCpqiy.0;server=akswtt216000009;cloudType=Consumer;environment=Prod_brazilsouth_prod-s01-001-sam-brazilsouth;migrationStage=NotStarted}
{"logTime": "0914/162349", "correlationVector":"Lx7DlDynNijOAfqat3GuIA","action":"Normal GetUpdate request", "result":"", "context":cV=Lx7DlDynNijOAfqat3GuIA
Nudged types: Sessions, Device Info, History
Refresh requested types: Bookmarks, Preferences, Passwords, Autofill Profiles, Autofill, Extensions, Sessions, Extension settings, History Delete Directives, Device Info, User Consents, Send Tab To Self, Web Apps, History, Saved Tab Group, WebAuthn Credentials, Collection, Edge E Drop, Edge Hub App Usage, Edge Wallet, Encryption Keys}
{"logTime": "0914/162349", "correlationVector":"Lx7DlDynNijOAfqat3GuIA.1","action":"SyncServerConnectionManagerRequest", "result":"SYNC_SERVER_OK", "context":{"environment":"Prod_brazilsouth_prod-s01-001-sam-brazilsouth", "migrationStage":"NotStarted", "server":"akswtt21600000g"}}
{"logTime": "0914/162349", "correlationVector":"Lx7DlDynNijOAfqat3GuIA.2","action":"ProcessGetUpdates", "result":"Done", "context":{"dataType":"Preferences", "deleted":"0", "process_failed_to_decrypt":"0", "process_pending_decryption":"0", "process_success":"1", "total":"1"}}
{"logTime": "0914/162349", "correlationVector":"Lx7DlDynNijOAfqat3GuIA.3","action":"ProcessGetUpdates", "result":"Done", "context":{"dataType":"Sessions", "deleted":"1", "process_failed_to_decrypt":"0", "process_pending_decryption":"0", "process_success":"3", "total":"3"}}
{"logTime": "0914/162349", "correlationVector":"Lx7DlDynNijOAfqat3GuIA.4","action":"ProcessGetUpdates", "result":"Done", "context":{"dataType":"Device Info", "deleted":"0", "process_failed_to_decrypt":"0", "process_pending_decryption":"0", "process_success":"1", "total":"1"}}
{"logTime": "0914/162349", "correlationVector":"Lx7DlDynNijOAfqat3GuIA.5","action":"ProcessGetUpdates", "result":"Done", "context":{"dataType":"History", "deleted":"0", "process_failed_to_decrypt":"0", "process_pending_decryption":"0", "process_success":"2", "total":"2"}}
{"logTime": "0914/162349", "correlationVector":"Lx7DlDynNijOAfqat3GuIA.6","action":"ProcessGetUpdates", "result":"Done", "context":{"dataType":"Edge Hub App Usage", "deleted":"0", "process_failed_to_decrypt":"0", "process_pending_decryption":"0", "process_success":"2", "total":"2"}}
{"logTime": "0914/162349", "correlationVector":"Lx7DlDynNijOAfqat3GuIA.7","action":"GetUpdates Response", "result":"Success", "context":Received 9 update(s). cV=Lx7DlDynNijOAfqat3GuIA.0;server=akswtt21600000g;cloudType=Consumer;environment=Prod_brazilsouth_prod-s01-001-sam-brazilsouth;migrationStage=NotStarted}
{"logTime": "0914/162349", "correlationVector":"+EQRapvAQsFNIfl0rmd58Y","action":"Poll GetUpdate request", "result":"", "context":cV=+EQRapvAQsFNIfl0rmd58Y}
{"logTime": "0914/162349", "correlationVector":"+EQRapvAQsFNIfl0rmd58Y.1","action":"SyncServerConnectionManagerRequest", "result":"SYNC_SERVER_OK", "context":{"environment":"Prod_brazilsouth_prod-s01-001-sam-brazilsouth", "migrationStage":"NotStarted", "server":"akswtt21600001q"}}
{"logTime": "0914/162349", "correlationVector":"+EQRapvAQsFNIfl0rmd58Y.2","action":"GetUpdates Response", "result":"Success", "context":Received 0 update(s). cV=+EQRapvAQsFNIfl0rmd58Y.0;server=akswtt21600001q;cloudType=Consumer;environment=Prod_brazilsouth_prod-s01-001-sam-brazilsouth;migrationStage=NotStarted}
{"logTime": "0914/162412", "correlationVector":"2CJWHdWRG9QhJAaUac5Uzv","action":"Commit Request", "result":"", "context":Item count: 5
Contributing types: Preferences, Passwords, Sessions, History}
{"logTime": "0914/162413", "correlationVector":"2CJWHdWRG9QhJAaUac5Uzv.1","action":"SyncServerConnectionManagerRequest", "result":"SYNC_SERVER_OK", "context":{"environment":"Prod_brazilsouth_prod-s01-001-sam-brazilsouth", "migrationStage":"NotStarted", "server":"akswtt21600000b"}}
{"logTime": "0914/162413", "correlationVector":"2CJWHdWRG9QhJAaUac5Uzv.2","action":"Commit Response", "result":"Success", "context":Result: Success. cV=2CJWHdWRG9QhJAaUac5Uzv.0;server=akswtt21600000b;cloudType=Consumer;environment=Prod_brazilsouth_prod-s01-001-sam-brazilsouth;migrationStage=NotStarted}
{"logTime": "0914/163940", "correlationVector":"gU4c7o/DbxI1O7AQ3lRIFT.1","action":"SyncServerConnectionManagerRequest", "result":"SYNC_SERVER_OK", "context":{"environment":"Prod_brazilsouth_prod-s01-001-sam-brazilsouth", "migrationStage":"NotStarted", "server":"akswtt21600000j"}}
{"logTime": "0914/163940", "correlationVector":"gU4c7o/DbxI1O7AQ3lRIFT.2","action":"ProcessGetUpdates", "result":"Done", "context":{"dataType":"Encryption Keys", "deleted":"0", "process_failed_to_decrypt":"0", "process_pending_decryption":"0", "process_success":"1", "total":"1"}}
{"logTime": "0914/163940", "correlationVector":"8ywD9iqMM7/DfFhF+I7Qpy","action":"SyncServerConnectionManagerRequest", "result":"SYNC_SERVER_OK", "context":{"environment":"", "migrationStage":"", "server":""}}
{"logTime": "0914/163940", "correlationVector":"8ywD9iqMM7/DfFhF+I7Qpy.0","action":"EncryptionKeysFetcher.DownloadKeys:", "result":"Success", "context":Key count: 5, Last key timestamp: 2025-08-12T00:36:21Z}
{"logTime": "0914/163940", "correlationVector":"8ywD9iqMM7/DfFhF+I7Qpy.1","action":"EncryptionKeysManager::SetEncryptionKeys:", "result":"Success", "context":Key names[5]:[AwazvjXbzpofJkfqm2PowuF2jsM4yLYN3dPrv05egKDKLEY48huDlofDCtZkgWrmo60QcP8fCpASZgV3XIbSWA==][LhNO9yQAZL3s5fyBea2IFS9QDw90LMjZMfq0sYBB/ToYvDzSO4gcMlLDO7nzT9VwWvxCaUL+GTwRwGh5ytzaDw==][zXqihWRAbqoStxC5Ee6jPMrr6AXIxoZFSm96Vf4EXPRttBS6g9S0Mm3jhIoxehnHpglocQC/7IPNa+BGqZWFlg==][gIzDU4MeQodLdlvE25tDkJ2ic9R0m5usEWfSvg1cC0PsYfMKAh6SHGbsxow47QDvRdYc4KC8CPmjREVFzHU/qg==][QIfiyHDjezAmIzvlPn6YQGTx9ZETr1TZttoK5vY4eVVPxUJPzSOApUnjnoigd4MP8dLSZ02YeAM2o4fpIylBWg==]}
{"logTime": "0914/163940", "correlationVector":"8ywD9iqMM7/DfFhF+I7Qpy.2","action":"EncryptionKeysManager::SetEncryptionKeysWithTimestamps:", "result":"Success", "context":Key timestamps[5]:[2022-10-19T01:53:16Z][2023-05-26T00:08:02Z][2023-12-28T22:34:06Z][2024-06-30T15:30:57Z][2025-08-12T00:36:21Z]}
{"logTime": "0914/163940", "correlationVector":"gU4c7o/DbxI1O7AQ3lRIFT","action":"Initial GetUpdates", "result":"", "context":Reason: NEW_CLIENT. cV=gU4c7o/DbxI1O7AQ3lRIFT}
{"logTime": "0914/163940", "correlationVector":"gU4c7o/DbxI1O7AQ3lRIFT.3","action":"GetUpdates Response", "result":"Success", "context":Received 1 update(s). cV=gU4c7o/DbxI1O7AQ3lRIFT.0;server=akswtt21600000j;cloudType=Consumer;environment=Prod_brazilsouth_prod-s01-001-sam-brazilsouth;migrationStage=NotStarted}
{"logTime": "0914/163940", "correlationVector":"Xw81EyywglQRVq/JDMJsH8","action":"Initial GetUpdates", "result":"", "context":Reason: NEWLY_SUPPORTED_DATATYPE. cV=Xw81EyywglQRVq/JDMJsH8}
{"logTime": "0914/163940", "correlationVector":"Xw81EyywglQRVq/JDMJsH8.1","action":"SyncServerConnectionManagerRequest", "result":"SYNC_SERVER_OK", "context":{"environment":"Prod_brazilsouth_prod-s01-001-sam-brazilsouth", "migrationStage":"NotStarted", "server":"akswtt21600000o"}}
{"logTime": "0914/163940", "correlationVector":"Xw81EyywglQRVq/JDMJsH8.2","action":"ProcessGetUpdates", "result":"Done", "context":{"dataType":"Passwords", "deleted":"0", "process_failed_to_decrypt":"0", "process_pending_decryption":"0", "process_success":"10", "total":"10"}}
{"logTime": "0914/163940", "correlationVector":"Xw81EyywglQRVq/JDMJsH8.3","action":"GetUpdates Response", "result":"Success", "context":Received 10 update(s). cV=Xw81EyywglQRVq/JDMJsH8.0;server=akswtt21600000o;cloudType=Consumer;environment=Prod_brazilsouth_prod-s01-001-sam-brazilsouth;migrationStage=NotStarted}
{"logTime": "0914/163940", "correlationVector":"PX1QXbqDRlPR4qOVeyuN9Z","action":"Normal GetUpdate request", "result":"", "context":cV=PX1QXbqDRlPR4qOVeyuN9Z
Nudged types: Sessions, History
Refresh requested types: Bookmarks, Preferences, Passwords, Autofill Profiles, Autofill, Extensions, Sessions, Extension settings, History Delete Directives, Device Info, User Consents, Send Tab To Self, Web Apps, History, Saved Tab Group, WebAuthn Credentials, Collection, Edge E Drop, Edge Hub App Usage, Edge Wallet, Encryption Keys}
{"logTime": "0914/163940", "correlationVector":"PX1QXbqDRlPR4qOVeyuN9Z.1","action":"SyncServerConnectionManagerRequest", "result":"SYNC_SERVER_OK", "context":{"environment":"Prod_brazilsouth_prod-s01-001-sam-brazilsouth", "migrationStage":"NotStarted", "server":"akswtt21600000o"}}
{"logTime": "0914/163940", "correlationVector":"PX1QXbqDRlPR4qOVeyuN9Z.2","action":"ProcessGetUpdates", "result":"Done", "context":{"dataType":"Preferences", "deleted":"0", "process_failed_to_decrypt":"0", "process_pending_decryption":"0", "process_success":"1", "total":"1"}}
{"logTime": "0914/163940", "correlationVector":"PX1QXbqDRlPR4qOVeyuN9Z.3","action":"ProcessGetUpdates", "result":"Done", "context":{"dataType":"Sessions", "deleted":"2", "process_failed_to_decrypt":"0", "process_pending_decryption":"0", "process_success":"4", "total":"4"}}
{"logTime": "0914/163940", "correlationVector":"PX1QXbqDRlPR4qOVeyuN9Z.4","action":"ProcessGetUpdates", "result":"Done", "context":{"dataType":"History", "deleted":"0", "process_failed_to_decrypt":"0", "process_pending_decryption":"0", "process_success":"5", "total":"5"}}
{"logTime": "0914/163940", "correlationVector":"PX1QXbqDRlPR4qOVeyuN9Z.5","action":"GetUpdates Response", "result":"Success", "context":Received 10 update(s). cV=PX1QXbqDRlPR4qOVeyuN9Z.0;server=akswtt21600000o;cloudType=Consumer;environment=Prod_brazilsouth_prod-s01-001-sam-brazilsouth;migrationStage=NotStarted}
{"logTime": "0914/163959", "correlationVector":"DnuDZDJxFrSuIdvmRPPDtl","action":"Commit Request", "result":"", "context":Item count: 5
Contributing types: Preferences, Passwords, Sessions, History}
{"logTime": "0914/163959", "correlationVector":"DnuDZDJxFrSuIdvmRPPDtl.1","action":"SyncServerConnectionManagerRequest", "result":"SYNC_SERVER_OK", "context":{"environment":"Prod_brazilsouth_prod-s01-001-sam-brazilsouth", "migrationStage":"NotStarted", "server":"akswtt21600000g"}}
{"logTime": "0914/163959", "correlationVector":"DnuDZDJxFrSuIdvmRPPDtl.2","action":"Commit Response", "result":"Success", "context":Result: Success. cV=DnuDZDJxFrSuIdvmRPPDtl.0;server=akswtt21600000g;cloudType=Consumer;environment=Prod_brazilsouth_prod-s01-001-sam-brazilsouth;migrationStage=NotStarted}
{"logTime": "0914/164157", "correlationVector":"oa9ciPsLtUNZAMm2fYpmZB","action":"Commit Request", "result":"", "context":Item count: 1
Contributing types: Sessions}
{"logTime": "0914/164158", "correlationVector":"oa9ciPsLtUNZAMm2fYpmZB.1","action":"SyncServerConnectionManagerRequest", "result":"SYNC_SERVER_OK", "context":{"environment":"Prod_brazilsouth_prod-s01-001-sam-brazilsouth", "migrationStage":"NotStarted", "server":"akswtt21600000p"}}
{"logTime": "0914/164158", "correlationVector":"oa9ciPsLtUNZAMm2fYpmZB.2","action":"Commit Response", "result":"Success", "context":Result: Success. cV=oa9ciPsLtUNZAMm2fYpmZB.0;server=akswtt21600000p;cloudType=Consumer;environment=Prod_brazilsouth_prod-s01-001-sam-brazilsouth;migrationStage=NotStarted}
{"logTime": "0914/164357", "correlationVector":"FsF+USezg353EGb9VRXjyw.1","action":"SyncServerConnectionManagerRequest", "result":"SYNC_SERVER_OK", "context":{"environment":"Prod_brazilsouth_prod-s01-001-sam-brazilsouth", "migrationStage":"NotStarted", "server":"akswtt21600000j"}}
{"logTime": "0914/164357", "correlationVector":"FsF+USezg353EGb9VRXjyw.2","action":"ProcessGetUpdates", "result":"Done", "context":{"dataType":"Encryption Keys", "deleted":"0", "process_failed_to_decrypt":"0", "process_pending_decryption":"0", "process_success":"1", "total":"1"}}
{"logTime": "0914/164357", "correlationVector":"mDOMIjVivsMfC5O/5mrrTR","action":"SyncServerConnectionManagerRequest", "result":"SYNC_SERVER_OK", "context":{"environment":"", "migrationStage":"", "server":""}}
{"logTime": "0914/164357", "correlationVector":"mDOMIjVivsMfC5O/5mrrTR.0","action":"EncryptionKeysFetcher.DownloadKeys:", "result":"Success", "context":Key count: 5, Last key timestamp: 2025-08-12T00:36:21Z}
{"logTime": "0914/164357", "correlationVector":"mDOMIjVivsMfC5O/5mrrTR.1","action":"EncryptionKeysManager::SetEncryptionKeys:", "result":"Success", "context":Key names[5]:[AwazvjXbzpofJkfqm2PowuF2jsM4yLYN3dPrv05egKDKLEY48huDlofDCtZkgWrmo60QcP8fCpASZgV3XIbSWA==][LhNO9yQAZL3s5fyBea2IFS9QDw90LMjZMfq0sYBB/ToYvDzSO4gcMlLDO7nzT9VwWvxCaUL+GTwRwGh5ytzaDw==][zXqihWRAbqoStxC5Ee6jPMrr6AXIxoZFSm96Vf4EXPRttBS6g9S0Mm3jhIoxehnHpglocQC/7IPNa+BGqZWFlg==][gIzDU4MeQodLdlvE25tDkJ2ic9R0m5usEWfSvg1cC0PsYfMKAh6SHGbsxow47QDvRdYc4KC8CPmjREVFzHU/qg==][QIfiyHDjezAmIzvlPn6YQGTx9ZETr1TZttoK5vY4eVVPxUJPzSOApUnjnoigd4MP8dLSZ02YeAM2o4fpIylBWg==]}
{"logTime": "0914/164357", "correlationVector":"mDOMIjVivsMfC5O/5mrrTR.2","action":"EncryptionKeysManager::SetEncryptionKeysWithTimestamps:", "result":"Success", "context":Key timestamps[5]:[2022-10-19T01:53:16Z][2023-05-26T00:08:02Z][2023-12-28T22:34:06Z][2024-06-30T15:30:57Z][2025-08-12T00:36:21Z]}
{"logTime": "0914/164357", "correlationVector":"FsF+USezg353EGb9VRXjyw","action":"Initial GetUpdates", "result":"", "context":Reason: NEW_CLIENT. cV=FsF+USezg353EGb9VRXjyw}
{"logTime": "0914/164357", "correlationVector":"FsF+USezg353EGb9VRXjyw.3","action":"GetUpdates Response", "result":"Success", "context":Received 1 update(s). cV=FsF+USezg353EGb9VRXjyw.0;server=akswtt21600000j;cloudType=Consumer;environment=Prod_brazilsouth_prod-s01-001-sam-brazilsouth;migrationStage=NotStarted}
{"logTime": "0914/164357", "correlationVector":"nYEfZYlNUgAhIhMyVym/XG","action":"Initial GetUpdates", "result":"", "context":Reason: NEWLY_SUPPORTED_DATATYPE. cV=nYEfZYlNUgAhIhMyVym/XG}
{"logTime": "0914/164357", "correlationVector":"nYEfZYlNUgAhIhMyVym/XG.1","action":"SyncServerConnectionManagerRequest", "result":"SYNC_SERVER_OK", "context":{"environment":"Prod_brazilsouth_prod-s01-001-sam-brazilsouth", "migrationStage":"NotStarted", "server":"akswtt216000010"}}
{"logTime": "0914/164357", "correlationVector":"nYEfZYlNUgAhIhMyVym/XG.2","action":"ProcessGetUpdates", "result":"Done", "context":{"dataType":"Passwords", "deleted":"0", "process_failed_to_decrypt":"0", "process_pending_decryption":"0", "process_success":"11", "total":"11"}}
{"logTime": "0914/164357", "correlationVector":"nYEfZYlNUgAhIhMyVym/XG.3","action":"GetUpdates Response", "result":"Success", "context":Received 11 update(s). cV=nYEfZYlNUgAhIhMyVym/XG.0;server=akswtt216000010;cloudType=Consumer;environment=Prod_brazilsouth_prod-s01-001-sam-brazilsouth;migrationStage=NotStarted}
{"logTime": "0914/164357", "correlationVector":"Rr1dlwyRoVIPv4JUSUlktH","action":"Normal GetUpdate request", "result":"", "context":cV=Rr1dlwyRoVIPv4JUSUlktH
Nudged types: Sessions, History
Refresh requested types: Bookmarks, Preferences, Passwords, Autofill Profiles, Autofill, Extensions, Sessions, Extension settings, History Delete Directives, Device Info, User Consents, Send Tab To Self, Web Apps, History, Saved Tab Group, WebAuthn Credentials, Collection, Edge E Drop, Edge Hub App Usage, Edge Wallet, Encryption Keys}
{"logTime": "0914/164357", "correlationVector":"Rr1dlwyRoVIPv4JUSUlktH.1","action":"SyncServerConnectionManagerRequest", "result":"SYNC_SERVER_OK", "context":{"environment":"Prod_brazilsouth_prod-s01-001-sam-brazilsouth", "migrationStage":"NotStarted", "server":"akswtt216000004"}}
{"logTime": "0914/164357", "correlationVector":"Rr1dlwyRoVIPv4JUSUlktH.2","action":"ProcessGetUpdates", "result":"Done", "context":{"dataType":"Preferences", "deleted":"0", "process_failed_to_decrypt":"0", "process_pending_decryption":"0", "process_success":"1", "total":"1"}}
{"logTime": "0914/164357", "correlationVector":"Rr1dlwyRoVIPv4JUSUlktH.3","action":"ProcessGetUpdates", "result":"Done", "context":{"dataType":"Sessions", "deleted":"0", "process_failed_to_decrypt":"0", "process_pending_decryption":"0", "process_success":"2", "total":"2"}}
{"logTime": "0914/164357", "correlationVector":"Rr1dlwyRoVIPv4JUSUlktH.4","action":"ProcessGetUpdates", "result":"Done", "context":{"dataType":"History", "deleted":"0", "process_failed_to_decrypt":"0", "process_pending_decryption":"0", "process_success":"1", "total":"1"}}
{"logTime": "0914/164357", "correlationVector":"Rr1dlwyRoVIPv4JUSUlktH.5","action":"GetUpdates Response", "result":"Success", "context":Received 4 update(s). cV=Rr1dlwyRoVIPv4JUSUlktH.0;server=akswtt216000004;cloudType=Consumer;environment=Prod_brazilsouth_prod-s01-001-sam-brazilsouth;migrationStage=NotStarted}
{"logTime": "0914/164357", "correlationVector":"eBhHa/wtCsEYHdbP2/f5M1","action":"Commit Request", "result":"", "context":Item count: 4
Contributing types: Sessions, History}
{"logTime": "0914/164358", "correlationVector":"eBhHa/wtCsEYHdbP2/f5M1.1","action":"SyncServerConnectionManagerRequest", "result":"SYNC_SERVER_OK", "context":{"environment":"Prod_brazilsouth_prod-s01-001-sam-brazilsouth", "migrationStage":"NotStarted", "server":"akswtt21600000c"}}
{"logTime": "0914/164358", "correlationVector":"eBhHa/wtCsEYHdbP2/f5M1.3","action":"Commit.Sessions", "result":"Success", "context":{"id":"8dbc3227-785f-4efa-a993-ad16a8af694f", "isDeleted":"true", "size":"0", "version":"1757868117967"}}
{"logTime": "0914/164358", "correlationVector":"eBhHa/wtCsEYHdbP2/f5M1.2","action":"Commit Response", "result":"Success", "context":Result: Success. cV=eBhHa/wtCsEYHdbP2/f5M1.0;server=akswtt21600000c;cloudType=Consumer;environment=Prod_brazilsouth_prod-s01-001-sam-brazilsouth;migrationStage=NotStarted}
{"logTime": "0914/164458", "correlationVector":"LC/pIg/Qmr383oqr4QGQBD","action":"Commit Request", "result":"", "context":Item count: 2
Contributing types: Sessions, History}
{"logTime": "0914/164458", "correlationVector":"LC/pIg/Qmr383oqr4QGQBD.1","action":"SyncServerConnectionManagerRequest", "result":"SYNC_SERVER_OK", "context":{"environment":"Prod_brazilsouth_prod-s01-001-sam-brazilsouth", "migrationStage":"NotStarted", "server":"akswtt21600001q"}}
{"logTime": "0914/164458", "correlationVector":"LC/pIg/Qmr383oqr4QGQBD.2","action":"Commit Response", "result":"Success", "context":Result: Success. cV=LC/pIg/Qmr383oqr4QGQBD.0;server=akswtt21600001q;cloudType=Consumer;environment=Prod_brazilsouth_prod-s01-001-sam-brazilsouth;migrationStage=NotStarted}
{"logTime": "0914/164605", "correlationVector":"yItaSPJEhVZfOrWClV1zTm","action":"Commit Request", "result":"", "context":Item count: 1
Contributing types: Sessions}
{"logTime": "0914/164605", "correlationVector":"yItaSPJEhVZfOrWClV1zTm.1","action":"SyncServerConnectionManagerRequest", "result":"SYNC_SERVER_OK", "context":{"environment":"Prod_brazilsouth_prod-s01-001-sam-brazilsouth", "migrationStage":"NotStarted", "server":"akswtt216000013"}}
{"logTime": "0914/164605", "correlationVector":"yItaSPJEhVZfOrWClV1zTm.2","action":"Commit Response", "result":"Success", "context":Result: Success. cV=yItaSPJEhVZfOrWClV1zTm.0;server=akswtt216000013;cloudType=Consumer;environment=Prod_brazilsouth_prod-s01-001-sam-brazilsouth;migrationStage=NotStarted}
{"logTime": "0914/165002", "correlationVector":"1k2ilqN8CFleznGsbYRIOK","action":"Normal GetUpdate request", "result":"", "context":cV=1k2ilqN8CFleznGsbYRIOK
Notified types: Device Info}
{"logTime": "0914/165002", "correlationVector":"1k2ilqN8CFleznGsbYRIOK.1","action":"SyncServerConnectionManagerRequest", "result":"SYNC_SERVER_OK", "context":{"environment":"Prod_brazilsouth_prod-s01-001-sam-brazilsouth", "migrationStage":"NotStarted", "server":"akswtt21600000h"}}
{"logTime": "0914/165002", "correlationVector":"1k2ilqN8CFleznGsbYRIOK.2","action":"ProcessGetUpdates", "result":"Done", "context":{"dataType":"Sessions", "deleted":"1", "process_failed_to_decrypt":"0", "process_pending_decryption":"0", "process_success":"5", "total":"5"}}
{"logTime": "0914/165002", "correlationVector":"1k2ilqN8CFleznGsbYRIOK.3","action":"ProcessGetUpdates", "result":"Done", "context":{"dataType":"Device Info", "deleted":"0", "process_failed_to_decrypt":"0", "process_pending_decryption":"0", "process_success":"1", "total":"1"}}
{"logTime": "0914/165002", "correlationVector":"1k2ilqN8CFleznGsbYRIOK.4","action":"ProcessGetUpdates", "result":"Done", "context":{"dataType":"History", "deleted":"0", "process_failed_to_decrypt":"0", "process_pending_decryption":"0", "process_success":"3", "total":"3"}}
{"logTime": "0914/165002", "correlationVector":"1k2ilqN8CFleznGsbYRIOK.5","action":"ProcessGetUpdates", "result":"Done", "context":{"dataType":"Edge Hub App Usage", "deleted":"0", "process_failed_to_decrypt":"0", "process_pending_decryption":"0", "process_success":"1", "total":"1"}}
{"logTime": "0914/165002", "correlationVector":"1k2ilqN8CFleznGsbYRIOK.6","action":"GetUpdates Response", "result":"Success", "context":Received 10 update(s). cV=1k2ilqN8CFleznGsbYRIOK.0;server=akswtt21600000h;cloudType=Consumer;environment=Prod_brazilsouth_prod-s01-001-sam-brazilsouth;migrationStage=NotStarted}
{"logTime": "0914/165003", "correlationVector":"kJuuUHAlkYKEe2sIMqFpqk","action":"Normal GetUpdate request", "result":"", "context":cV=kJuuUHAlkYKEe2sIMqFpqk
Notified types: History, Edge Hub App Usage}
{"logTime": "0914/165003", "correlationVector":"kJuuUHAlkYKEe2sIMqFpqk.1","action":"SyncServerConnectionManagerRequest", "result":"SYNC_SERVER_OK", "context":{"environment":"Prod_brazilsouth_prod-s01-001-sam-brazilsouth", "migrationStage":"NotStarted", "server":"akswtt21600000d"}}
{"logTime": "0914/165003", "correlationVector":"kJuuUHAlkYKEe2sIMqFpqk.2","action":"GetUpdates Response", "result":"Success", "context":Received 0 update(s). cV=kJuuUHAlkYKEe2sIMqFpqk.0;server=akswtt21600000d;cloudType=Consumer;environment=Prod_brazilsouth_prod-s01-001-sam-brazilsouth;migrationStage=NotStarted}
{"logTime": "0914/165629", "correlationVector":"8luamxtrVOpLv3/8QmjOGs.1","action":"SyncServerConnectionManagerRequest", "result":"SYNC_SERVER_OK", "context":{"environment":"Prod_brazilsouth_prod-s01-001-sam-brazilsouth", "migrationStage":"NotStarted", "server":"akswtt21600002f"}}
{"logTime": "0914/165629", "correlationVector":"8luamxtrVOpLv3/8QmjOGs.2","action":"ProcessGetUpdates", "result":"Done", "context":{"dataType":"Encryption Keys", "deleted":"0", "process_failed_to_decrypt":"0", "process_pending_decryption":"0", "process_success":"1", "total":"1"}}
{"logTime": "0914/165629", "correlationVector":"8wQ4ITA1ef2m+DyHwAIkxx","action":"SyncServerConnectionManagerRequest", "result":"SYNC_SERVER_OK", "context":{"environment":"", "migrationStage":"", "server":""}}
{"logTime": "0914/165629", "correlationVector":"8wQ4ITA1ef2m+DyHwAIkxx.0","action":"EncryptionKeysFetcher.DownloadKeys:", "result":"Success", "context":Key count: 5, Last key timestamp: 2025-08-12T00:36:21Z}
{"logTime": "0914/165629", "correlationVector":"8wQ4ITA1ef2m+DyHwAIkxx.1","action":"EncryptionKeysManager::SetEncryptionKeys:", "result":"Success", "context":Key names[5]:[AwazvjXbzpofJkfqm2PowuF2jsM4yLYN3dPrv05egKDKLEY48huDlofDCtZkgWrmo60QcP8fCpASZgV3XIbSWA==][LhNO9yQAZL3s5fyBea2IFS9QDw90LMjZMfq0sYBB/ToYvDzSO4gcMlLDO7nzT9VwWvxCaUL+GTwRwGh5ytzaDw==][zXqihWRAbqoStxC5Ee6jPMrr6AXIxoZFSm96Vf4EXPRttBS6g9S0Mm3jhIoxehnHpglocQC/7IPNa+BGqZWFlg==][gIzDU4MeQodLdlvE25tDkJ2ic9R0m5usEWfSvg1cC0PsYfMKAh6SHGbsxow47QDvRdYc4KC8CPmjREVFzHU/qg==][QIfiyHDjezAmIzvlPn6YQGTx9ZETr1TZttoK5vY4eVVPxUJPzSOApUnjnoigd4MP8dLSZ02YeAM2o4fpIylBWg==]}
{"logTime": "0914/165629", "correlationVector":"8wQ4ITA1ef2m+DyHwAIkxx.2","action":"EncryptionKeysManager::SetEncryptionKeysWithTimestamps:", "result":"Success", "context":Key timestamps[5]:[2022-10-19T01:53:16Z][2023-05-26T00:08:02Z][2023-12-28T22:34:06Z][2024-06-30T15:30:57Z][2025-08-12T00:36:21Z]}
{"logTime": "0914/165629", "correlationVector":"8luamxtrVOpLv3/8QmjOGs","action":"Initial GetUpdates", "result":"", "context":Reason: NEW_CLIENT. cV=8luamxtrVOpLv3/8QmjOGs}
{"logTime": "0914/165629", "correlationVector":"8luamxtrVOpLv3/8QmjOGs.3","action":"GetUpdates Response", "result":"Success", "context":Received 1 update(s). cV=8luamxtrVOpLv3/8QmjOGs.0;server=akswtt21600002f;cloudType=Consumer;environment=Prod_brazilsouth_prod-s01-001-sam-brazilsouth;migrationStage=NotStarted}
{"logTime": "0914/165629", "correlationVector":"XZFg6fVpqQN99UHyhABSl4","action":"Initial GetUpdates", "result":"", "context":Reason: NEWLY_SUPPORTED_DATATYPE. cV=XZFg6fVpqQN99UHyhABSl4}
{"logTime": "0914/165629", "correlationVector":"XZFg6fVpqQN99UHyhABSl4.1","action":"SyncServerConnectionManagerRequest", "result":"SYNC_SERVER_OK", "context":{"environment":"Prod_brazilsouth_prod-s01-001-sam-brazilsouth", "migrationStage":"NotStarted", "server":"akswtt21600000c"}}
{"logTime": "0914/165629", "correlationVector":"XZFg6fVpqQN99UHyhABSl4.2","action":"ProcessGetUpdates", "result":"Done", "context":{"dataType":"Passwords", "deleted":"0", "process_failed_to_decrypt":"0", "process_pending_decryption":"0", "process_success":"11", "total":"11"}}
{"logTime": "0914/165629", "correlationVector":"XZFg6fVpqQN99UHyhABSl4.3","action":"GetUpdates Response", "result":"Success", "context":Received 11 update(s). cV=XZFg6fVpqQN99UHyhABSl4.0;server=akswtt21600000c;cloudType=Consumer;environment=Prod_brazilsouth_prod-s01-001-sam-brazilsouth;migrationStage=NotStarted}
{"logTime": "0914/165629", "correlationVector":"kQHDrQE7tKZBzM20tNE9mQ","action":"Normal GetUpdate request", "result":"", "context":cV=kQHDrQE7tKZBzM20tNE9mQ
Nudged types: Sessions, History
Refresh requested types: Bookmarks, Preferences, Passwords, Autofill Profiles, Autofill, Extensions, Sessions, Extension settings, History Delete Directives, Device Info, User Consents, Send Tab To Self, Web Apps, History, Saved Tab Group, WebAuthn Credentials, Collection, Edge E Drop, Edge Hub App Usage, Edge Wallet, Encryption Keys}
{"logTime": "0914/165629", "correlationVector":"kQHDrQE7tKZBzM20tNE9mQ.1","action":"SyncServerConnectionManagerRequest", "result":"SYNC_SERVER_OK", "context":{"environment":"Prod_brazilsouth_prod-s01-001-sam-brazilsouth", "migrationStage":"NotStarted", "server":"akswtt21600002i"}}
{"logTime": "0914/165629", "correlationVector":"kQHDrQE7tKZBzM20tNE9mQ.2","action":"ProcessGetUpdates", "result":"Done", "context":{"dataType":"Sessions", "deleted":"1", "process_failed_to_decrypt":"0", "process_pending_decryption":"0", "process_success":"3", "total":"3"}}
{"logTime": "0914/165629", "correlationVector":"kQHDrQE7tKZBzM20tNE9mQ.3","action":"ProcessGetUpdates", "result":"Done", "context":{"dataType":"History", "deleted":"0", "process_failed_to_decrypt":"0", "process_pending_decryption":"0", "process_success":"2", "total":"2"}}
{"logTime": "0914/165629", "correlationVector":"kQHDrQE7tKZBzM20tNE9mQ.4","action":"GetUpdates Response", "result":"Success", "context":Received 5 update(s). cV=kQHDrQE7tKZBzM20tNE9mQ.0;server=akswtt21600002i;cloudType=Consumer;environment=Prod_brazilsouth_prod-s01-001-sam-brazilsouth;migrationStage=NotStarted}
{"logTime": "0914/165645", "correlationVector":"pQvuQGA01GjmV2fIvHHLzR","action":"Commit Request", "result":"", "context":Item count: 5
Contributing types: Preferences, Passwords, Sessions, History}
{"logTime": "0914/165646", "correlationVector":"pQvuQGA01GjmV2fIvHHLzR.1","action":"SyncServerConnectionManagerRequest", "result":"SYNC_SERVER_OK", "context":{"environment":"Prod_brazilsouth_prod-s01-001-sam-brazilsouth", "migrationStage":"NotStarted", "server":"akswtt21600000b"}}
{"logTime": "0914/165646", "correlationVector":"pQvuQGA01GjmV2fIvHHLzR.2","action":"Commit Response", "result":"Success", "context":Result: Success. cV=pQvuQGA01GjmV2fIvHHLzR.0;server=akswtt21600000b;cloudType=Consumer;environment=Prod_brazilsouth_prod-s01-001-sam-brazilsouth;migrationStage=NotStarted}
{"logTime": "0914/171706", "correlationVector":"UaaFGUVpULsiVS5INbxHsi.1","action":"SyncServerConnectionManagerRequest", "result":"SYNC_SERVER_OK", "context":{"environment":"Prod_brazilsouth_prod-s01-001-sam-brazilsouth", "migrationStage":"NotStarted", "server":"akswtt216000013"}}
{"logTime": "0914/171706", "correlationVector":"UaaFGUVpULsiVS5INbxHsi.2","action":"ProcessGetUpdates", "result":"Done", "context":{"dataType":"Encryption Keys", "deleted":"0", "process_failed_to_decrypt":"0", "process_pending_decryption":"0", "process_success":"1", "total":"1"}}
{"logTime": "0914/171706", "correlationVector":"1RgheDOUrLdulEpaykxfWV","action":"SyncServerConnectionManagerRequest", "result":"SYNC_SERVER_OK", "context":{"environment":"", "migrationStage":"", "server":""}}
{"logTime": "0914/171706", "correlationVector":"1RgheDOUrLdulEpaykxfWV.0","action":"EncryptionKeysFetcher.DownloadKeys:", "result":"Success", "context":Key count: 5, Last key timestamp: 2025-08-12T00:36:21Z}
{"logTime": "0914/171706", "correlationVector":"1RgheDOUrLdulEpaykxfWV.1","action":"EncryptionKeysManager::SetEncryptionKeys:", "result":"Success", "context":Key names[5]:[AwazvjXbzpofJkfqm2PowuF2jsM4yLYN3dPrv05egKDKLEY48huDlofDCtZkgWrmo60QcP8fCpASZgV3XIbSWA==][LhNO9yQAZL3s5fyBea2IFS9QDw90LMjZMfq0sYBB/ToYvDzSO4gcMlLDO7nzT9VwWvxCaUL+GTwRwGh5ytzaDw==][zXqihWRAbqoStxC5Ee6jPMrr6AXIxoZFSm96Vf4EXPRttBS6g9S0Mm3jhIoxehnHpglocQC/7IPNa+BGqZWFlg==][gIzDU4MeQodLdlvE25tDkJ2ic9R0m5usEWfSvg1cC0PsYfMKAh6SHGbsxow47QDvRdYc4KC8CPmjREVFzHU/qg==][QIfiyHDjezAmIzvlPn6YQGTx9ZETr1TZttoK5vY4eVVPxUJPzSOApUnjnoigd4MP8dLSZ02YeAM2o4fpIylBWg==]}
{"logTime": "0914/171706", "correlationVector":"1RgheDOUrLdulEpaykxfWV.2","action":"EncryptionKeysManager::SetEncryptionKeysWithTimestamps:", "result":"Success", "context":Key timestamps[5]:[2022-10-19T01:53:16Z][2023-05-26T00:08:02Z][2023-12-28T22:34:06Z][2024-06-30T15:30:57Z][2025-08-12T00:36:21Z]}
{"logTime": "0914/171706", "correlationVector":"UaaFGUVpULsiVS5INbxHsi","action":"Initial GetUpdates", "result":"", "context":Reason: NEW_CLIENT. cV=UaaFGUVpULsiVS5INbxHsi}
{"logTime": "0914/171706", "correlationVector":"UaaFGUVpULsiVS5INbxHsi.3","action":"GetUpdates Response", "result":"Success", "context":Received 1 update(s). cV=UaaFGUVpULsiVS5INbxHsi.0;server=akswtt216000013;cloudType=Consumer;environment=Prod_brazilsouth_prod-s01-001-sam-brazilsouth;migrationStage=NotStarted}
{"logTime": "0914/171706", "correlationVector":"Nd38Ymei9ff1sXxz2MeaFb","action":"Initial GetUpdates", "result":"", "context":Reason: NEWLY_SUPPORTED_DATATYPE. cV=Nd38Ymei9ff1sXxz2MeaFb}
{"logTime": "0914/171706", "correlationVector":"Nd38Ymei9ff1sXxz2MeaFb.1","action":"SyncServerConnectionManagerRequest", "result":"SYNC_SERVER_OK", "context":{"environment":"Prod_brazilsouth_prod-s01-001-sam-brazilsouth", "migrationStage":"NotStarted", "server":"akswtt21600002f"}}
{"logTime": "0914/171706", "correlationVector":"Nd38Ymei9ff1sXxz2MeaFb.2","action":"ProcessGetUpdates", "result":"Done", "context":{"dataType":"Passwords", "deleted":"0", "process_failed_to_decrypt":"0", "process_pending_decryption":"0", "process_success":"13", "total":"13"}}
{"logTime": "0914/171706", "correlationVector":"Nd38Ymei9ff1sXxz2MeaFb.3","action":"GetUpdates Response", "result":"Success", "context":Received 13 update(s). cV=Nd38Ymei9ff1sXxz2MeaFb.0;server=akswtt21600002f;cloudType=Consumer;environment=Prod_brazilsouth_prod-s01-001-sam-brazilsouth;migrationStage=NotStarted}
{"logTime": "0914/171706", "correlationVector":"cm3q5xo0kntIPjlSYJbxI1","action":"Normal GetUpdate request", "result":"", "context":cV=cm3q5xo0kntIPjlSYJbxI1
Nudged types: Sessions, History
Refresh requested types: Bookmarks, Preferences, Passwords, Autofill Profiles, Autofill, Extensions, Sessions, Extension settings, History Delete Directives, Device Info, User Consents, Send Tab To Self, Web Apps, History, Saved Tab Group, WebAuthn Credentials, Collection, Edge E Drop, Edge Hub App Usage, Edge Wallet, Encryption Keys}
{"logTime": "0914/171706", "correlationVector":"cm3q5xo0kntIPjlSYJbxI1.1","action":"SyncServerConnectionManagerRequest", "result":"SYNC_SERVER_OK", "context":{"environment":"Prod_brazilsouth_prod-s01-001-sam-brazilsouth", "migrationStage":"NotStarted", "server":"akswtt21600000p"}}
{"logTime": "0914/171706", "correlationVector":"cm3q5xo0kntIPjlSYJbxI1.2","action":"ProcessGetUpdates", "result":"Done", "context":{"dataType":"Preferences", "deleted":"0", "process_failed_to_decrypt":"0", "process_pending_decryption":"0", "process_success":"1", "total":"1"}}
{"logTime": "0914/171706", "correlationVector":"cm3q5xo0kntIPjlSYJbxI1.3","action":"ProcessGetUpdates", "result":"Done", "context":{"dataType":"Sessions", "deleted":"1", "process_failed_to_decrypt":"0", "process_pending_decryption":"0", "process_success":"3", "total":"3"}}
{"logTime": "0914/171706", "correlationVector":"cm3q5xo0kntIPjlSYJbxI1.4","action":"ProcessGetUpdates", "result":"Done", "context":{"dataType":"History", "deleted":"0", "process_failed_to_decrypt":"0", "process_pending_decryption":"0", "process_success":"4", "total":"4"}}
{"logTime": "0914/171706", "correlationVector":"cm3q5xo0kntIPjlSYJbxI1.5","action":"GetUpdates Response", "result":"Success", "context":Received 8 update(s). cV=cm3q5xo0kntIPjlSYJbxI1.0;server=akswtt21600000p;cloudType=Consumer;environment=Prod_brazilsouth_prod-s01-001-sam-brazilsouth;migrationStage=NotStarted}
{"logTime": "0914/172718", "correlationVector":"b7VTiJ1FDDZA8Bwa71yJBV.1","action":"SyncServerConnectionManagerRequest", "result":"SYNC_AUTH_ERROR", "context":{"environment":"Prod_brazilsouth_prod-s01-001-sam-brazilsouth", "migrationStage":"NotStarted", "server":"akswtt216000025"}}
{"logTime": "0914/172718", "correlationVector":"b7VTiJ1FDDZA8Bwa71yJBV.3","action":"SyncServerConnectionManagerRequest", "result":"SYNC_SERVER_OK", "context":{"environment":"", "migrationStage":"", "server":""}}
{"logTime": "0914/172718", "correlationVector":"b7VTiJ1FDDZA8Bwa71yJBV.4","action":"EncryptionKeysFetcher.DownloadKeys:", "result":"Success", "context":Key count: 5, Last key timestamp: 2025-08-12T00:36:21Z}
{"logTime": "0914/172719", "correlationVector":"b7VTiJ1FDDZA8Bwa71yJBV.5","action":"EncryptionKeysManager::SetEncryptionKeys:", "result":"Success", "context":Key names[5]:[AwazvjXbzpofJkfqm2PowuF2jsM4yLYN3dPrv05egKDKLEY48huDlofDCtZkgWrmo60QcP8fCpASZgV3XIbSWA==][LhNO9yQAZL3s5fyBea2IFS9QDw90LMjZMfq0sYBB/ToYvDzSO4gcMlLDO7nzT9VwWvxCaUL+GTwRwGh5ytzaDw==][zXqihWRAbqoStxC5Ee6jPMrr6AXIxoZFSm96Vf4EXPRttBS6g9S0Mm3jhIoxehnHpglocQC/7IPNa+BGqZWFlg==][gIzDU4MeQodLdlvE25tDkJ2ic9R0m5usEWfSvg1cC0PsYfMKAh6SHGbsxow47QDvRdYc4KC8CPmjREVFzHU/qg==][QIfiyHDjezAmIzvlPn6YQGTx9ZETr1TZttoK5vY4eVVPxUJPzSOApUnjnoigd4MP8dLSZ02YeAM2o4fpIylBWg==]}
{"logTime": "0914/172719", "correlationVector":"b7VTiJ1FDDZA8Bwa71yJBV.6","action":"EncryptionKeysManager::SetEncryptionKeysWithTimestamps:", "result":"Success", "context":Key timestamps[5]:[2022-10-19T01:53:16Z][2023-05-26T00:08:02Z][2023-12-28T22:34:06Z][2024-06-30T15:30:57Z][2025-08-12T00:36:21Z]}
{"logTime": "0914/172720", "correlationVector":"K80FjugJOO3inGgLsfPM73.1","action":"SyncServerConnectionManagerRequest", "result":"SYNC_SERVER_OK", "context":{"environment":"Prod_brazilsouth_prod-s01-001-sam-brazilsouth", "migrationStage":"NotStarted", "server":"akswtt21600000x"}}
{"logTime": "0914/172720", "correlationVector":"K80FjugJOO3inGgLsfPM73.2","action":"ProcessGetUpdates", "result":"Done", "context":{"dataType":"Encryption Keys", "deleted":"0", "process_failed_to_decrypt":"0", "process_pending_decryption":"0", "process_success":"1", "total":"1"}}
{"logTime": "0914/172720", "correlationVector":"b7VTiJ1FDDZA8Bwa71yJBV","action":"Initial GetUpdates", "result":"", "context":Reason: NEW_CLIENT. cV=b7VTiJ1FDDZA8Bwa71yJBV}
{"logTime": "0914/172720", "correlationVector":"b7VTiJ1FDDZA8Bwa71yJBV.2","action":"GetUpdates Response", "result":"HTTP error (401)", "context":Received error: HTTP error (401). cV=b7VTiJ1FDDZA8Bwa71yJBV.0;server=akswtt216000025;cloudType=Undetermined;environment=Prod_brazilsouth_prod-s01-001-sam-brazilsouth;migrationStage=NotStarted}
{"logTime": "0914/172720", "correlationVector":"K80FjugJOO3inGgLsfPM73","action":"Initial GetUpdates", "result":"", "context":Reason: NEW_CLIENT. cV=K80FjugJOO3inGgLsfPM73}
{"logTime": "0914/172720", "correlationVector":"K80FjugJOO3inGgLsfPM73.3","action":"GetUpdates Response", "result":"Success", "context":Received 1 update(s). cV=K80FjugJOO3inGgLsfPM73.0;server=akswtt21600000x;cloudType=Consumer;environment=Prod_brazilsouth_prod-s01-001-sam-brazilsouth;migrationStage=NotStarted}
{"logTime": "0914/172720", "correlationVector":"mFBgYqLSa7KtK4DUfSywmB","action":"Initial GetUpdates", "result":"", "context":Reason: NEWLY_SUPPORTED_DATATYPE. cV=mFBgYqLSa7KtK4DUfSywmB}
{"logTime": "0914/172720", "correlationVector":"mFBgYqLSa7KtK4DUfSywmB.1","action":"SyncServerConnectionManagerRequest", "result":"SYNC_SERVER_OK", "context":{"environment":"Prod_brazilsouth_prod-s01-001-sam-brazilsouth", "migrationStage":"NotStarted", "server":"akswtt216000003"}}
{"logTime": "0914/172720", "correlationVector":"mFBgYqLSa7KtK4DUfSywmB.2","action":"ProcessGetUpdates", "result":"Done", "context":{"dataType":"Passwords", "deleted":"0", "process_failed_to_decrypt":"0", "process_pending_decryption":"0", "process_success":"13", "total":"13"}}
{"logTime": "0914/172720", "correlationVector":"mFBgYqLSa7KtK4DUfSywmB.3","action":"GetUpdates Response", "result":"Success", "context":Received 13 update(s). cV=mFBgYqLSa7KtK4DUfSywmB.0;server=akswtt216000003;cloudType=Consumer;environment=Prod_brazilsouth_prod-s01-001-sam-brazilsouth;migrationStage=NotStarted}
{"logTime": "0914/172720", "correlationVector":"SZsrnd9YE2WDFNqzTTk8EC","action":"Normal GetUpdate request", "result":"", "context":cV=SZsrnd9YE2WDFNqzTTk8EC
Nudged types: Sessions, History
Refresh requested types: Bookmarks, Preferences, Passwords, Autofill Profiles, Autofill, Extensions, Sessions, Extension settings, History Delete Directives, Device Info, User Consents, Send Tab To Self, Web Apps, History, Saved Tab Group, WebAuthn Credentials, Collection, Edge E Drop, Edge Hub App Usage, Edge Wallet, Encryption Keys}
{"logTime": "0914/172720", "correlationVector":"SZsrnd9YE2WDFNqzTTk8EC.1","action":"SyncServerConnectionManagerRequest", "result":"SYNC_SERVER_OK", "context":{"environment":"Prod_brazilsouth_prod-s01-001-sam-brazilsouth", "migrationStage":"NotStarted", "server":"akswtt21600002h"}}
{"logTime": "0914/172720", "correlationVector":"SZsrnd9YE2WDFNqzTTk8EC.2","action":"ProcessGetUpdates", "result":"Done", "context":{"dataType":"Sessions", "deleted":"1", "process_failed_to_decrypt":"0", "process_pending_decryption":"0", "process_success":"3", "total":"3"}}
{"logTime": "0914/172720", "correlationVector":"SZsrnd9YE2WDFNqzTTk8EC.3","action":"ProcessGetUpdates", "result":"Done", "context":{"dataType":"History", "deleted":"0", "process_failed_to_decrypt":"0", "process_pending_decryption":"0", "process_success":"2", "total":"2"}}
{"logTime": "0914/172720", "correlationVector":"SZsrnd9YE2WDFNqzTTk8EC.4","action":"GetUpdates Response", "result":"Success", "context":Received 5 update(s). cV=SZsrnd9YE2WDFNqzTTk8EC.0;server=akswtt21600002h;cloudType=Consumer;environment=Prod_brazilsouth_prod-s01-001-sam-brazilsouth;migrationStage=NotStarted}
{"logTime": "0915/153727", "correlationVector":"07693ceHY4FbP57sYWawRu","action":"Commit Request", "result":"", "context":Item count: 4
Contributing types: Preferences, Sessions, History}
{"logTime": "0915/153727", "correlationVector":"07693ceHY4FbP57sYWawRu.1","action":"SyncServerConnectionManagerRequest", "result":"SYNC_SERVER_OK", "context":{"environment":"Prod_brazilsouth_prod-s01-001-sam-brazilsouth", "migrationStage":"NotStarted", "server":"akswtt21600001e"}}
{"logTime": "0915/153727", "correlationVector":"07693ceHY4FbP57sYWawRu.2","action":"Commit Response", "result":"Success", "context":Result: Success. cV=07693ceHY4FbP57sYWawRu.0;server=akswtt21600001e;cloudType=Consumer;environment=Prod_brazilsouth_prod-s01-001-sam-brazilsouth;migrationStage=NotStarted}
{"logTime": "0915/153823", "correlationVector":"QWv67J+TzfcILySnsWYKce","action":"Commit Request", "result":"", "context":Item count: 1
Contributing types: Device Info}
{"logTime": "0915/153824", "correlationVector":"QWv67J+TzfcILySnsWYKce.1","action":"SyncServerConnectionManagerRequest", "result":"SYNC_SERVER_OK", "context":{"environment":"Prod_brazilsouth_prod-s01-001-sam-brazilsouth", "migrationStage":"NotStarted", "server":"akswtt21600001e"}}
{"logTime": "0915/153824", "correlationVector":"QWv67J+TzfcILySnsWYKce.2","action":"Commit Response", "result":"Success", "context":Result: Success. cV=QWv67J+TzfcILySnsWYKce.0;server=akswtt21600001e;cloudType=Consumer;environment=Prod_brazilsouth_prod-s01-001-sam-brazilsouth;migrationStage=NotStarted}
{"logTime": "0915/153951", "correlationVector":"NlNDsi1PFGYpHlYJ/FePQ/","action":"Commit Request", "result":"", "context":Item count: 1
Contributing types: Sessions}
{"logTime": "0915/153951", "correlationVector":"NlNDsi1PFGYpHlYJ/FePQ/.1","action":"SyncServerConnectionManagerRequest", "result":"SYNC_SERVER_OK", "context":{"environment":"Prod_brazilsouth_prod-s01-001-sam-brazilsouth", "migrationStage":"NotStarted", "server":"akswtt21600001p"}}
{"logTime": "0915/153951", "correlationVector":"NlNDsi1PFGYpHlYJ/FePQ/.2","action":"Commit Response", "result":"Success", "context":Result: Success. cV=NlNDsi1PFGYpHlYJ/FePQ/.0;server=akswtt21600001p;cloudType=Consumer;environment=Prod_brazilsouth_prod-s01-001-sam-brazilsouth;migrationStage=NotStarted}
{"logTime": "1005/172419", "correlationVector":"XkwgoWRHKZNHTYSaJ7/Nqb.1","action":"SyncServerConnectionManagerRequest", "result":"SYNC_SERVER_OK", "context":{"environment":"Prod_brazilsouth_prod-s01-001-sam-brazilsouth", "migrationStage":"NotStarted", "server":"akswtt21700000x"}}
{"logTime": "1005/172419", "correlationVector":"XkwgoWRHKZNHTYSaJ7/Nqb.2","action":"ProcessGetUpdates", "result":"Done", "context":{"dataType":"Encryption Keys", "deleted":"0", "process_failed_to_decrypt":"0", "process_pending_decryption":"0", "process_success":"1", "total":"1"}}
{"logTime": "1005/172419", "correlationVector":"GtP5ZVK6swSkfzy2YhhXH0","action":"ValidateEncryptionKeys", "result":"No mitigation", "context":Nigori: [:1754958984889]}
{"logTime": "1005/172420", "correlationVector":"GtP5ZVK6swSkfzy2YhhXH0.0","action":"SyncServerConnectionManagerRequest", "result":"SYNC_SERVER_OK", "context":{"environment":"", "migrationStage":"", "server":""}}
{"logTime": "1005/172420", "correlationVector":"GtP5ZVK6swSkfzy2YhhXH0.1","action":"EncryptionKeysFetcher.DownloadKeys:", "result":"Success", "context":Key count: 5, Last key timestamp: 2025-08-12T00:36:21Z}
{"logTime": "1005/172420", "correlationVector":"GtP5ZVK6swSkfzy2YhhXH0.2","action":"EncryptionKeysManager::SetEncryptionKeys:", "result":"Success", "context":Key names[5]:[AwazvjXbzpofJkfqm2PowuF2jsM4yLYN3dPrv05egKDKLEY48huDlofDCtZkgWrmo60QcP8fCpASZgV3XIbSWA==][LhNO9yQAZL3s5fyBea2IFS9QDw90LMjZMfq0sYBB/ToYvDzSO4gcMlLDO7nzT9VwWvxCaUL+GTwRwGh5ytzaDw==][zXqihWRAbqoStxC5Ee6jPMrr6AXIxoZFSm96Vf4EXPRttBS6g9S0Mm3jhIoxehnHpglocQC/7IPNa+BGqZWFlg==][gIzDU4MeQodLdlvE25tDkJ2ic9R0m5usEWfSvg1cC0PsYfMKAh6SHGbsxow47QDvRdYc4KC8CPmjREVFzHU/qg==][QIfiyHDjezAmIzvlPn6YQGTx9ZETr1TZttoK5vY4eVVPxUJPzSOApUnjnoigd4MP8dLSZ02YeAM2o4fpIylBWg==]}
{"logTime": "1005/172420", "correlationVector":"GtP5ZVK6swSkfzy2YhhXH0.3","action":"EncryptionKeysManager::SetEncryptionKeysWithTimestamps:", "result":"Success", "context":Key timestamps[5]:[2022-10-19T01:53:16Z][2023-05-26T00:08:02Z][2023-12-28T22:34:06Z][2024-06-30T15:30:57Z][2025-08-12T00:36:21Z]}
{"logTime": "1005/172420", "correlationVector":"XkwgoWRHKZNHTYSaJ7/Nqb","action":"Initial GetUpdates", "result":"", "context":Reason: NEW_CLIENT. cV=XkwgoWRHKZNHTYSaJ7/Nqb}
{"logTime": "1005/172420", "correlationVector":"XkwgoWRHKZNHTYSaJ7/Nqb.3","action":"GetUpdates Response", "result":"Success", "context":Received 1 update(s). cV=XkwgoWRHKZNHTYSaJ7/Nqb.0;server=akswtt21700000x;cloudType=Consumer;environment=Prod_brazilsouth_prod-s01-001-sam-brazilsouth;migrationStage=NotStarted}
{"logTime": "1005/172420", "correlationVector":"LRkirnNz+P7dVVIxCR0fyj","action":"Initial GetUpdates", "result":"", "context":Reason: NEWLY_SUPPORTED_DATATYPE. cV=LRkirnNz+P7dVVIxCR0fyj}
{"logTime": "1005/172420", "correlationVector":"LRkirnNz+P7dVVIxCR0fyj.1","action":"SyncServerConnectionManagerRequest", "result":"SYNC_SERVER_OK", "context":{"environment":"Prod_brazilsouth_prod-s01-001-sam-brazilsouth", "migrationStage":"NotStarted", "server":"akswtt217000009"}}
{"logTime": "1005/172420", "correlationVector":"LRkirnNz+P7dVVIxCR0fyj.2","action":"ProcessGetUpdates", "result":"Done", "context":{"dataType":"Passwords", "deleted":"0", "process_failed_to_decrypt":"0", "process_pending_decryption":"0", "process_success":"13", "total":"13"}}
{"logTime": "1005/172420", "correlationVector":"LRkirnNz+P7dVVIxCR0fyj.3","action":"GetUpdates Response", "result":"Success", "context":Received 13 update(s). cV=LRkirnNz+P7dVVIxCR0fyj.0;server=akswtt217000009;cloudType=Consumer;environment=Prod_brazilsouth_prod-s01-001-sam-brazilsouth;migrationStage=NotStarted}
{"logTime": "1005/172420", "correlationVector":"uXVTiz1AA7oJlKCd1hk2eE","action":"Normal GetUpdate request", "result":"", "context":cV=uXVTiz1AA7oJlKCd1hk2eE
Nudged types: Sessions, Device Info, History
Refresh requested types: Bookmarks, Preferences, Passwords, Autofill Profiles, Autofill, Extensions, Sessions, Extension settings, History Delete Directives, Device Info, User Consents, Send Tab To Self, Web Apps, History, Saved Tab Group, WebAuthn Credentials, Collection, Edge E Drop, Edge Hub App Usage, Edge Wallet, Encryption Keys}
{"logTime": "1005/172420", "correlationVector":"uXVTiz1AA7oJlKCd1hk2eE.1","action":"SyncServerConnectionManagerRequest", "result":"SYNC_SERVER_OK", "context":{"environment":"Prod_brazilsouth_prod-s01-001-sam-brazilsouth", "migrationStage":"NotStarted", "server":"akswtt21700000x"}}
{"logTime": "1005/172420", "correlationVector":"uXVTiz1AA7oJlKCd1hk2eE.2","action":"ProcessGetUpdates", "result":"Done", "context":{"dataType":"Preferences", "deleted":"0", "process_failed_to_decrypt":"0", "process_pending_decryption":"0", "process_success":"3", "total":"3"}}
{"logTime": "1005/172420", "correlationVector":"uXVTiz1AA7oJlKCd1hk2eE.3","action":"ProcessGetUpdates", "result":"Done", "context":{"dataType":"Autofill Profiles", "deleted":"0", "process_failed_to_decrypt":"0", "process_pending_decryption":"0", "process_success":"3", "total":"3"}}
{"logTime": "1005/172420", "correlationVector":"uXVTiz1AA7oJlKCd1hk2eE.4","action":"ProcessGetUpdates", "result":"Done", "context":{"dataType":"Autofill", "deleted":"0", "process_failed_to_decrypt":"0", "process_pending_decryption":"0", "process_success":"2", "total":"2"}}
{"logTime": "1005/172420", "correlationVector":"uXVTiz1AA7oJlKCd1hk2eE.5","action":"ProcessGetUpdates", "result":"Done", "context":{"dataType":"Sessions", "deleted":"13", "process_failed_to_decrypt":"0", "process_pending_decryption":"0", "process_success":"15", "total":"15"}}
{"logTime": "1005/172420", "correlationVector":"uXVTiz1AA7oJlKCd1hk2eE.6","action":"ProcessGetUpdates", "result":"Done", "context":{"dataType":"Device Info", "deleted":"0", "process_failed_to_decrypt":"0", "process_pending_decryption":"0", "process_success":"1", "total":"1"}}
{"logTime": "1005/172420", "correlationVector":"uXVTiz1AA7oJlKCd1hk2eE.7","action":"ProcessGetUpdates", "result":"Done", "context":{"dataType":"History", "deleted":"0", "process_failed_to_decrypt":"0", "process_pending_decryption":"0", "process_success":"45", "total":"45"}}
{"logTime": "1005/172420", "correlationVector":"uXVTiz1AA7oJlKCd1hk2eE.8","action":"ProcessGetUpdates", "result":"Done", "context":{"dataType":"Edge Hub App Usage", "deleted":"0", "process_failed_to_decrypt":"0", "process_pending_decryption":"0", "process_success":"1", "total":"1"}}
{"logTime": "1005/172420", "correlationVector":"uXVTiz1AA7oJlKCd1hk2eE.9","action":"GetUpdates Response", "result":"Success", "context":Received 70 update(s). cV=uXVTiz1AA7oJlKCd1hk2eE.0;server=akswtt21700000x;cloudType=Consumer;environment=Prod_brazilsouth_prod-s01-001-sam-brazilsouth;migrationStage=NotStarted}
{"logTime": "1005/172420", "correlationVector":"z/Eij/PZ1YkDlZeC4yoK3h","action":"Poll GetUpdate request", "result":"", "context":cV=z/Eij/PZ1YkDlZeC4yoK3h}
{"logTime": "1005/172420", "correlationVector":"z/Eij/PZ1YkDlZeC4yoK3h.1","action":"SyncServerConnectionManagerRequest", "result":"SYNC_SERVER_OK", "context":{"environment":"Prod_brazilsouth_prod-s01-001-sam-brazilsouth", "migrationStage":"NotStarted", "server":"akswtt21700001q"}}
{"logTime": "1005/172420", "correlationVector":"z/Eij/PZ1YkDlZeC4yoK3h.2","action":"GetUpdates Response", "result":"Success", "context":Received 0 update(s). cV=z/Eij/PZ1YkDlZeC4yoK3h.0;server=akswtt21700001q;cloudType=Consumer;environment=Prod_brazilsouth_prod-s01-001-sam-brazilsouth;migrationStage=NotStarted}
{"logTime": "1005/172422", "correlationVector":"WUEcgQhYO4pM4W6pWxhyhh","action":"Commit Request", "result":"", "context":Item count: 1
Contributing types: Device Info}
{"logTime": "1005/172422", "correlationVector":"WUEcgQhYO4pM4W6pWxhyhh.1","action":"SyncServerConnectionManagerRequest", "result":"SYNC_SERVER_OK", "context":{"environment":"Prod_brazilsouth_prod-s01-001-sam-brazilsouth", "migrationStage":"NotStarted", "server":"akswtt21700001n"}}
{"logTime": "1005/172422", "correlationVector":"WUEcgQhYO4pM4W6pWxhyhh.2","action":"Commit Response", "result":"Success", "context":Result: Success. cV=WUEcgQhYO4pM4W6pWxhyhh.0;server=akswtt21700001n;cloudType=Consumer;environment=Prod_brazilsouth_prod-s01-001-sam-brazilsouth;migrationStage=NotStarted}
{"logTime": "1005/172522", "correlationVector":"t9OykKasFmjYMHcO0nNTNv","action":"Commit Request", "result":"", "context":Item count: 4
Contributing types: Sessions, Device Info, History}
{"logTime": "1005/172523", "correlationVector":"t9OykKasFmjYMHcO0nNTNv.1","action":"SyncServerConnectionManagerRequest", "result":"SYNC_SERVER_OK", "context":{"environment":"Prod_brazilsouth_prod-s01-001-sam-brazilsouth", "migrationStage":"NotStarted", "server":"akswtt21700000p"}}
{"logTime": "1005/172523", "correlationVector":"t9OykKasFmjYMHcO0nNTNv.2","action":"Commit Response", "result":"Success", "context":Result: Success. cV=t9OykKasFmjYMHcO0nNTNv.0;server=akswtt21700000p;cloudType=Consumer;environment=Prod_brazilsouth_prod-s01-001-sam-brazilsouth;migrationStage=NotStarted}
{"logTime": "1005/172625", "correlationVector":"8jYwzg3VXko42mqGN4Vfrg","action":"Commit Request", "result":"", "context":Item count: 1
Contributing types: Sessions}
{"logTime": "1005/172625", "correlationVector":"8jYwzg3VXko42mqGN4Vfrg.1","action":"SyncServerConnectionManagerRequest", "result":"SYNC_SERVER_OK", "context":{"environment":"Prod_brazilsouth_prod-s01-001-sam-brazilsouth", "migrationStage":"NotStarted", "server":"akswtt21700000p"}}
{"logTime": "1005/172625", "correlationVector":"8jYwzg3VXko42mqGN4Vfrg.2","action":"Commit Response", "result":"Success", "context":Result: Success. cV=8jYwzg3VXko42mqGN4Vfrg.0;server=akswtt21700000p;cloudType=Consumer;environment=Prod_brazilsouth_prod-s01-001-sam-brazilsouth;migrationStage=NotStarted}
{"logTime": "1005/174600", "correlationVector":"njjRm45UQ0X53Pc+iscvaa.1","action":"SyncServerConnectionManagerRequest", "result":"SYNC_SERVER_OK", "context":{"environment":"Prod_brazilsouth_prod-s01-001-sam-brazilsouth", "migrationStage":"NotStarted", "server":"akswtt21700002m"}}
{"logTime": "1005/174600", "correlationVector":"njjRm45UQ0X53Pc+iscvaa.2","action":"ProcessGetUpdates", "result":"Done", "context":{"dataType":"Encryption Keys", "deleted":"0", "process_failed_to_decrypt":"0", "process_pending_decryption":"0", "process_success":"1", "total":"1"}}
{"logTime": "1005/174600", "correlationVector":"rJJWUr1GcUwlCLxkl9M5k+","action":"SyncServerConnectionManagerRequest", "result":"SYNC_SERVER_OK", "context":{"environment":"", "migrationStage":"", "server":""}}
{"logTime": "1005/174600", "correlationVector":"rJJWUr1GcUwlCLxkl9M5k+.0","action":"EncryptionKeysFetcher.DownloadKeys:", "result":"Success", "context":Key count: 5, Last key timestamp: 2025-08-12T00:36:21Z}
{"logTime": "1005/174600", "correlationVector":"rJJWUr1GcUwlCLxkl9M5k+.1","action":"EncryptionKeysManager::SetEncryptionKeys:", "result":"Success", "context":Key names[5]:[AwazvjXbzpofJkfqm2PowuF2jsM4yLYN3dPrv05egKDKLEY48huDlofDCtZkgWrmo60QcP8fCpASZgV3XIbSWA==][LhNO9yQAZL3s5fyBea2IFS9QDw90LMjZMfq0sYBB/ToYvDzSO4gcMlLDO7nzT9VwWvxCaUL+GTwRwGh5ytzaDw==][zXqihWRAbqoStxC5Ee6jPMrr6AXIxoZFSm96Vf4EXPRttBS6g9S0Mm3jhIoxehnHpglocQC/7IPNa+BGqZWFlg==][gIzDU4MeQodLdlvE25tDkJ2ic9R0m5usEWfSvg1cC0PsYfMKAh6SHGbsxow47QDvRdYc4KC8CPmjREVFzHU/qg==][QIfiyHDjezAmIzvlPn6YQGTx9ZETr1TZttoK5vY4eVVPxUJPzSOApUnjnoigd4MP8dLSZ02YeAM2o4fpIylBWg==]}
{"logTime": "1005/174600", "correlationVector":"rJJWUr1GcUwlCLxkl9M5k+.2","action":"EncryptionKeysManager::SetEncryptionKeysWithTimestamps:", "result":"Success", "context":Key timestamps[5]:[2022-10-19T01:53:16Z][2023-05-26T00:08:02Z][2023-12-28T22:34:06Z][2024-06-30T15:30:57Z][2025-08-12T00:36:21Z]}
{"logTime": "1005/174600", "correlationVector":"njjRm45UQ0X53Pc+iscvaa","action":"Initial GetUpdates", "result":"", "context":Reason: NEW_CLIENT. cV=njjRm45UQ0X53Pc+iscvaa}
{"logTime": "1005/174600", "correlationVector":"njjRm45UQ0X53Pc+iscvaa.3","action":"GetUpdates Response", "result":"Success", "context":Received 1 update(s). cV=njjRm45UQ0X53Pc+iscvaa.0;server=akswtt21700002m;cloudType=Consumer;environment=Prod_brazilsouth_prod-s01-001-sam-brazilsouth;migrationStage=NotStarted}
{"logTime": "1005/174600", "correlationVector":"uc8nm+WjozJR0R0VsJxnn0","action":"Initial GetUpdates", "result":"", "context":Reason: NEWLY_SUPPORTED_DATATYPE. cV=uc8nm+WjozJR0R0VsJxnn0}
{"logTime": "1005/174600", "correlationVector":"uc8nm+WjozJR0R0VsJxnn0.1","action":"SyncServerConnectionManagerRequest", "result":"SYNC_SERVER_OK", "context":{"environment":"Prod_brazilsouth_prod-s01-001-sam-brazilsouth", "migrationStage":"NotStarted", "server":"akswtt21700001p"}}
{"logTime": "1005/174600", "correlationVector":"uc8nm+WjozJR0R0VsJxnn0.2","action":"ProcessGetUpdates", "result":"Done", "context":{"dataType":"Passwords", "deleted":"0", "process_failed_to_decrypt":"0", "process_pending_decryption":"0", "process_success":"13", "total":"13"}}
{"logTime": "1005/174600", "correlationVector":"uc8nm+WjozJR0R0VsJxnn0.3","action":"GetUpdates Response", "result":"Success", "context":Received 13 update(s). cV=uc8nm+WjozJR0R0VsJxnn0.0;server=akswtt21700001p;cloudType=Consumer;environment=Prod_brazilsouth_prod-s01-001-sam-brazilsouth;migrationStage=NotStarted}
{"logTime": "1005/174600", "correlationVector":"heLLdHNeTIAAyle4FTsu07","action":"Normal GetUpdate request", "result":"", "context":cV=heLLdHNeTIAAyle4FTsu07
Nudged types: Sessions, Device Info, History
Refresh requested types: Bookmarks, Preferences, Passwords, Autofill Profiles, Autofill, Extensions, Sessions, Extension settings, History Delete Directives, Device Info, User Consents, Send Tab To Self, Web Apps, History, Saved Tab Group, WebAuthn Credentials, Collection, Edge E Drop, Edge Hub App Usage, Edge Wallet, Encryption Keys}
{"logTime": "1005/174601", "correlationVector":"heLLdHNeTIAAyle4FTsu07.1","action":"SyncServerConnectionManagerRequest", "result":"SYNC_SERVER_OK", "context":{"environment":"Prod_brazilsouth_prod-s01-001-sam-brazilsouth", "migrationStage":"NotStarted", "server":"akswtt217000010"}}
{"logTime": "1005/174601", "correlationVector":"heLLdHNeTIAAyle4FTsu07.2","action":"ProcessGetUpdates", "result":"Done", "context":{"dataType":"Sessions", "deleted":"1", "process_failed_to_decrypt":"0", "process_pending_decryption":"0", "process_success":"3", "total":"3"}}
{"logTime": "1005/174601", "correlationVector":"heLLdHNeTIAAyle4FTsu07.3","action":"ProcessGetUpdates", "result":"Done", "context":{"dataType":"Device Info", "deleted":"0", "process_failed_to_decrypt":"0", "process_pending_decryption":"0", "process_success":"1", "total":"1"}}
{"logTime": "1005/174601", "correlationVector":"heLLdHNeTIAAyle4FTsu07.4","action":"ProcessGetUpdates", "result":"Done", "context":{"dataType":"History", "deleted":"0", "process_failed_to_decrypt":"0", "process_pending_decryption":"0", "process_success":"4", "total":"4"}}
{"logTime": "1005/174601", "correlationVector":"heLLdHNeTIAAyle4FTsu07.5","action":"GetUpdates Response", "result":"Success", "context":Received 8 update(s). cV=heLLdHNeTIAAyle4FTsu07.0;server=akswtt217000010;cloudType=Consumer;environment=Prod_brazilsouth_prod-s01-001-sam-brazilsouth;migrationStage=NotStarted}
{"logTime": "1005/174609", "correlationVector":"kqGZxWkjYdC26quHD2erQ+","action":"Commit Request", "result":"", "context":Item count: 4
Contributing types: Sessions, Device Info, History}
{"logTime": "1005/174610", "correlationVector":"kqGZxWkjYdC26quHD2erQ+.1","action":"SyncServerConnectionManagerRequest", "result":"SYNC_SERVER_OK", "context":{"environment":"Prod_brazilsouth_prod-s01-001-sam-brazilsouth", "migrationStage":"NotStarted", "server":"akswtt21700001l"}}
{"logTime": "1005/174610", "correlationVector":"kqGZxWkjYdC26quHD2erQ+.2","action":"Commit Response", "result":"Success", "context":Result: Success. cV=kqGZxWkjYdC26quHD2erQ+.0;server=akswtt21700001l;cloudType=Consumer;environment=Prod_brazilsouth_prod-s01-001-sam-brazilsouth;migrationStage=NotStarted}
{"logTime": "1005/175715", "correlationVector":"uxWY/mGF0WqTlkhvR+Wo5k.1","action":"SyncServerConnectionManagerRequest", "result":"SYNC_SERVER_OK", "context":{"environment":"Prod_brazilsouth_prod-s01-001-sam-brazilsouth", "migrationStage":"NotStarted", "server":"akswtt21700002p"}}
{"logTime": "1005/175715", "correlationVector":"uxWY/mGF0WqTlkhvR+Wo5k.2","action":"ProcessGetUpdates", "result":"Done", "context":{"dataType":"Encryption Keys", "deleted":"0", "process_failed_to_decrypt":"0", "process_pending_decryption":"0", "process_success":"1", "total":"1"}}
{"logTime": "1005/175715", "correlationVector":"j+JgMSnxzuMomcybS5ZbYH","action":"SyncServerConnectionManagerRequest", "result":"SYNC_SERVER_OK", "context":{"environment":"", "migrationStage":"", "server":""}}
{"logTime": "1005/175715", "correlationVector":"j+JgMSnxzuMomcybS5ZbYH.0","action":"EncryptionKeysFetcher.DownloadKeys:", "result":"Success", "context":Key count: 5, Last key timestamp: 2025-08-12T00:36:21Z}
{"logTime": "1005/175715", "correlationVector":"j+JgMSnxzuMomcybS5ZbYH.1","action":"EncryptionKeysManager::SetEncryptionKeys:", "result":"Success", "context":Key names[5]:[AwazvjXbzpofJkfqm2PowuF2jsM4yLYN3dPrv05egKDKLEY48huDlofDCtZkgWrmo60QcP8fCpASZgV3XIbSWA==][LhNO9yQAZL3s5fyBea2IFS9QDw90LMjZMfq0sYBB/ToYvDzSO4gcMlLDO7nzT9VwWvxCaUL+GTwRwGh5ytzaDw==][zXqihWRAbqoStxC5Ee6jPMrr6AXIxoZFSm96Vf4EXPRttBS6g9S0Mm3jhIoxehnHpglocQC/7IPNa+BGqZWFlg==][gIzDU4MeQodLdlvE25tDkJ2ic9R0m5usEWfSvg1cC0PsYfMKAh6SHGbsxow47QDvRdYc4KC8CPmjREVFzHU/qg==][QIfiyHDjezAmIzvlPn6YQGTx9ZETr1TZttoK5vY4eVVPxUJPzSOApUnjnoigd4MP8dLSZ02YeAM2o4fpIylBWg==]}
{"logTime": "1005/175715", "correlationVector":"j+JgMSnxzuMomcybS5ZbYH.2","action":"EncryptionKeysManager::SetEncryptionKeysWithTimestamps:", "result":"Success", "context":Key timestamps[5]:[2022-10-19T01:53:16Z][2023-05-26T00:08:02Z][2023-12-28T22:34:06Z][2024-06-30T15:30:57Z][2025-08-12T00:36:21Z]}
{"logTime": "1005/175715", "correlationVector":"uxWY/mGF0WqTlkhvR+Wo5k","action":"Initial GetUpdates", "result":"", "context":Reason: NEW_CLIENT. cV=uxWY/mGF0WqTlkhvR+Wo5k}
{"logTime": "1005/175715", "correlationVector":"uxWY/mGF0WqTlkhvR+Wo5k.3","action":"GetUpdates Response", "result":"Success", "context":Received 1 update(s). cV=uxWY/mGF0WqTlkhvR+Wo5k.0;server=akswtt21700002p;cloudType=Consumer;environment=Prod_brazilsouth_prod-s01-001-sam-brazilsouth;migrationStage=NotStarted}
{"logTime": "1005/175715", "correlationVector":"gb0Wqxea8w4SxhnlFgY/69","action":"Initial GetUpdates", "result":"", "context":Reason: NEWLY_SUPPORTED_DATATYPE. cV=gb0Wqxea8w4SxhnlFgY/69}
{"logTime": "1005/175716", "correlationVector":"gb0Wqxea8w4SxhnlFgY/69.1","action":"SyncServerConnectionManagerRequest", "result":"SYNC_SERVER_OK", "context":{"environment":"Prod_brazilsouth_prod-s01-001-sam-brazilsouth", "migrationStage":"NotStarted", "server":"akswtt21700002m"}}
{"logTime": "1005/175716", "correlationVector":"gb0Wqxea8w4SxhnlFgY/69.2","action":"ProcessGetUpdates", "result":"Done", "context":{"dataType":"Passwords", "deleted":"0", "process_failed_to_decrypt":"0", "process_pending_decryption":"0", "process_success":"13", "total":"13"}}
{"logTime": "1005/175716", "correlationVector":"gb0Wqxea8w4SxhnlFgY/69.3","action":"GetUpdates Response", "result":"Success", "context":Received 13 update(s). cV=gb0Wqxea8w4SxhnlFgY/69.0;server=akswtt21700002m;cloudType=Consumer;environment=Prod_brazilsouth_prod-s01-001-sam-brazilsouth;migrationStage=NotStarted}
{"logTime": "1005/175716", "correlationVector":"Zbmg4trcWcBVp/LoGfSvx5","action":"Normal GetUpdate request", "result":"", "context":cV=Zbmg4trcWcBVp/LoGfSvx5
Nudged types: Sessions, Device Info, History
Refresh requested types: Bookmarks, Preferences, Passwords, Autofill Profiles, Autofill, Extensions, Sessions, Extension settings, History Delete Directives, Device Info, User Consents, Send Tab To Self, Web Apps, History, Saved Tab Group, WebAuthn Credentials, Collection, Edge E Drop, Edge Hub App Usage, Edge Wallet, Encryption Keys}
{"logTime": "1005/175716", "correlationVector":"Zbmg4trcWcBVp/LoGfSvx5.1","action":"SyncServerConnectionManagerRequest", "result":"SYNC_SERVER_OK", "context":{"environment":"Prod_brazilsouth_prod-s01-001-sam-brazilsouth", "migrationStage":"NotStarted", "server":"akswtt217000006"}}
{"logTime": "1005/175716", "correlationVector":"Zbmg4trcWcBVp/LoGfSvx5.2","action":"ProcessGetUpdates", "result":"Done", "context":{"dataType":"Sessions", "deleted":"3", "process_failed_to_decrypt":"0", "process_pending_decryption":"0", "process_success":"5", "total":"5"}}
{"logTime": "1005/175716", "correlationVector":"Zbmg4trcWcBVp/LoGfSvx5.3","action":"ProcessGetUpdates", "result":"Done", "context":{"dataType":"Device Info", "deleted":"0", "process_failed_to_decrypt":"0", "process_pending_decryption":"0", "process_success":"1", "total":"1"}}
{"logTime": "1005/175716", "correlationVector":"Zbmg4trcWcBVp/LoGfSvx5.4","action":"ProcessGetUpdates", "result":"Done", "context":{"dataType":"History", "deleted":"0", "process_failed_to_decrypt":"0", "process_pending_decryption":"0", "process_success":"4", "total":"4"}}
{"logTime": "1005/175716", "correlationVector":"Zbmg4trcWcBVp/LoGfSvx5.5","action":"GetUpdates Response", "result":"Success", "context":Received 10 update(s). cV=Zbmg4trcWcBVp/LoGfSvx5.0;server=akswtt217000006;cloudType=Consumer;environment=Prod_brazilsouth_prod-s01-001-sam-brazilsouth;migrationStage=NotStarted}
{"logTime": "1005/175725", "correlationVector":"vjaTeLlbbKfrag9dbaC9zJ","action":"Commit Request", "result":"", "context":Item count: 4
Contributing types: Sessions, Device Info, History}
{"logTime": "1005/175725", "correlationVector":"vjaTeLlbbKfrag9dbaC9zJ.1","action":"SyncServerConnectionManagerRequest", "result":"SYNC_SERVER_OK", "context":{"environment":"Prod_brazilsouth_prod-s01-001-sam-brazilsouth", "migrationStage":"NotStarted", "server":"akswtt217000010"}}
{"logTime": "1005/175725", "correlationVector":"vjaTeLlbbKfrag9dbaC9zJ.2","action":"Commit Response", "result":"Success", "context":Result: Success. cV=vjaTeLlbbKfrag9dbaC9zJ.0;server=akswtt217000010;cloudType=Consumer;environment=Prod_brazilsouth_prod-s01-001-sam-brazilsouth;migrationStage=NotStarted}
